Component: Arm Compiler for Embedded 6.24 Tool: armlink [5f371500]

==============================================================================

Section Cross References

    startup_stm32g431xx.o(RESET) refers to startup_stm32g431xx.o(STACK) for __initial_sp
    startup_stm32g431xx.o(RESET) refers to startup_stm32g431xx.o(.text) for Reset_Handler
    startup_stm32g431xx.o(RESET) refers to stm32g4xx_it.o(.text.NMI_Handler) for NMI_Handler
    startup_stm32g431xx.o(RESET) refers to stm32g4xx_it.o(.text.HardFault_Handler) for HardFault_Handler
    startup_stm32g431xx.o(RESET) refers to stm32g4xx_it.o(.text.MemManage_Handler) for MemManage_Handler
    startup_stm32g431xx.o(RESET) refers to stm32g4xx_it.o(.text.BusFault_Handler) for BusFault_Handler
    startup_stm32g431xx.o(RESET) refers to stm32g4xx_it.o(.text.UsageFault_Handler) for UsageFault_Handler
    startup_stm32g431xx.o(RESET) refers to stm32g4xx_it.o(.text.SVC_Handler) for SVC_Handler
    startup_stm32g431xx.o(RESET) refers to stm32g4xx_it.o(.text.DebugMon_Handler) for DebugMon_Handler
    startup_stm32g431xx.o(RESET) refers to stm32g4xx_it.o(.text.PendSV_Handler) for PendSV_Handler
    startup_stm32g431xx.o(RESET) refers to stm32g4xx_it.o(.text.SysTick_Handler) for SysTick_Handler
    startup_stm32g431xx.o(RESET) refers to stm32g4xx_it.o(.text.DMA1_Channel1_IRQHandler) for DMA1_Channel1_IRQHandler
    startup_stm32g431xx.o(RESET) refers to stm32g4xx_it.o(.text.DMA1_Channel2_IRQHandler) for DMA1_Channel2_IRQHandler
    startup_stm32g431xx.o(RESET) refers to stm32g4xx_it.o(.text.DMA1_Channel3_IRQHandler) for DMA1_Channel3_IRQHandler
    startup_stm32g431xx.o(RESET) refers to stm32g4xx_it.o(.text.DMA1_Channel4_IRQHandler) for DMA1_Channel4_IRQHandler
    startup_stm32g431xx.o(RESET) refers to stm32g4xx_it.o(.text.ADC1_2_IRQHandler) for ADC1_2_IRQHandler
    startup_stm32g431xx.o(RESET) refers to stm32g4xx_it.o(.text.USART1_IRQHandler) for USART1_IRQHandler
    startup_stm32g431xx.o(.text) refers to system_stm32g4xx.o(.text.SystemInit) for SystemInit
    startup_stm32g431xx.o(.text) refers to entry.o(.ARM.Collect$$$$00000000) for __main
    stm32g4xx_ll_rcc.o(.ARM.exidx.text.LL_RCC_DeInit) refers to stm32g4xx_ll_rcc.o(.text.LL_RCC_DeInit) for [Anonymous Symbol]
    stm32g4xx_ll_rcc.o(.text.LL_RCC_GetSystemClocksFreq) refers to system_stm32g4xx.o(.rodata.AHBPrescTable) for AHBPrescTable
    stm32g4xx_ll_rcc.o(.text.LL_RCC_GetSystemClocksFreq) refers to system_stm32g4xx.o(.rodata.APBPrescTable) for APBPrescTable
    stm32g4xx_ll_rcc.o(.ARM.exidx.text.LL_RCC_GetSystemClocksFreq) refers to stm32g4xx_ll_rcc.o(.text.LL_RCC_GetSystemClocksFreq) for [Anonymous Symbol]
    stm32g4xx_ll_rcc.o(.text.LL_RCC_GetUSARTClockFreq) refers to system_stm32g4xx.o(.rodata.AHBPrescTable) for AHBPrescTable
    stm32g4xx_ll_rcc.o(.text.LL_RCC_GetUSARTClockFreq) refers to system_stm32g4xx.o(.rodata.APBPrescTable) for APBPrescTable
    stm32g4xx_ll_rcc.o(.ARM.exidx.text.LL_RCC_GetUSARTClockFreq) refers to stm32g4xx_ll_rcc.o(.text.LL_RCC_GetUSARTClockFreq) for [Anonymous Symbol]
    stm32g4xx_ll_rcc.o(.text.LL_RCC_GetUARTClockFreq) refers to system_stm32g4xx.o(.rodata.AHBPrescTable) for AHBPrescTable
    stm32g4xx_ll_rcc.o(.text.LL_RCC_GetUARTClockFreq) refers to system_stm32g4xx.o(.rodata.APBPrescTable) for APBPrescTable
    stm32g4xx_ll_rcc.o(.ARM.exidx.text.LL_RCC_GetUARTClockFreq) refers to stm32g4xx_ll_rcc.o(.text.LL_RCC_GetUARTClockFreq) for [Anonymous Symbol]
    stm32g4xx_ll_rcc.o(.text.LL_RCC_GetI2CClockFreq) refers to system_stm32g4xx.o(.rodata.AHBPrescTable) for AHBPrescTable
    stm32g4xx_ll_rcc.o(.text.LL_RCC_GetI2CClockFreq) refers to system_stm32g4xx.o(.rodata.APBPrescTable) for APBPrescTable
    stm32g4xx_ll_rcc.o(.ARM.exidx.text.LL_RCC_GetI2CClockFreq) refers to stm32g4xx_ll_rcc.o(.text.LL_RCC_GetI2CClockFreq) for [Anonymous Symbol]
    stm32g4xx_ll_rcc.o(.text.LL_RCC_GetLPUARTClockFreq) refers to system_stm32g4xx.o(.rodata.AHBPrescTable) for AHBPrescTable
    stm32g4xx_ll_rcc.o(.text.LL_RCC_GetLPUARTClockFreq) refers to system_stm32g4xx.o(.rodata.APBPrescTable) for APBPrescTable
    stm32g4xx_ll_rcc.o(.ARM.exidx.text.LL_RCC_GetLPUARTClockFreq) refers to stm32g4xx_ll_rcc.o(.text.LL_RCC_GetLPUARTClockFreq) for [Anonymous Symbol]
    stm32g4xx_ll_rcc.o(.text.LL_RCC_GetLPTIMClockFreq) refers to system_stm32g4xx.o(.rodata.AHBPrescTable) for AHBPrescTable
    stm32g4xx_ll_rcc.o(.text.LL_RCC_GetLPTIMClockFreq) refers to system_stm32g4xx.o(.rodata.APBPrescTable) for APBPrescTable
    stm32g4xx_ll_rcc.o(.ARM.exidx.text.LL_RCC_GetLPTIMClockFreq) refers to stm32g4xx_ll_rcc.o(.text.LL_RCC_GetLPTIMClockFreq) for [Anonymous Symbol]
    stm32g4xx_ll_rcc.o(.ARM.exidx.text.LL_RCC_GetSAIClockFreq) refers to stm32g4xx_ll_rcc.o(.text.LL_RCC_GetSAIClockFreq) for [Anonymous Symbol]
    stm32g4xx_ll_rcc.o(.ARM.exidx.text.LL_RCC_GetI2SClockFreq) refers to stm32g4xx_ll_rcc.o(.text.LL_RCC_GetI2SClockFreq) for [Anonymous Symbol]
[...]
    Removing arm_common_tables.o(.rodata.armBitRevIndexTable1024), (3600 bytes).
    Removing arm_common_tables.o(.rodata.armBitRevIndexTable2048), (7616 bytes).
    Removing arm_common_tables.o(.rodata.armBitRevIndexTable4096), (8064 bytes).
    Removing arm_common_tables.o(.rodata.armBitRevIndexTable_fixed_16), (24 bytes).
    Removing arm_common_tables.o(.rodata.armBitRevIndexTable_fixed_32), (48 bytes).
    Removing arm_common_tables.o(.rodata.armBitRevIndexTable_fixed_64), (112 bytes).
    Removing arm_common_tables.o(.rodata.armBitRevIndexTable_fixed_128), (224 bytes).
    Removing arm_common_tables.o(.rodata.armBitRevIndexTable_fixed_256), (480 bytes).
    Removing arm_common_tables.o(.rodata.armBitRevIndexTable_fixed_512), (960 bytes).
    Removing arm_common_tables.o(.rodata.armBitRevIndexTable_fixed_1024), (1984 bytes).
    Removing arm_common_tables.o(.rodata.armBitRevIndexTable_fixed_2048), (3968 bytes).
    Removing arm_common_tables.o(.rodata.armBitRevIndexTable_fixed_4096), (8064 bytes).
    Removing arm_common_tables.o(.rodata.twiddleCoefF64_rfft_32), (256 bytes).
    Removing arm_common_tables.o(.rodata.twiddleCoefF64_rfft_64), (512 bytes).
    Removing arm_common_tables.o(.rodata.twiddleCoefF64_rfft_128), (1024 bytes).
    Removing arm_common_tables.o(.rodata.twiddleCoefF64_rfft_256), (2048 bytes).
    Removing arm_common_tables.o(.rodata.twiddleCoefF64_rfft_512), (4096 bytes).
    Removing arm_common_tables.o(.rodata.twiddleCoefF64_rfft_1024), (8192 bytes).
    Removing arm_common_tables.o(.rodata.twiddleCoefF64_rfft_2048), (16384 bytes).
    Removing arm_common_tables.o(.rodata.twiddleCoefF64_rfft_4096), (32768 bytes).
    Removing arm_common_tables.o(.rodata.twiddleCoef_rfft_32), (128 bytes).
    Removing arm_common_tables.o(.rodata.twiddleCoef_rfft_64), (256 bytes).
    Removing arm_common_tables.o(.rodata.twiddleCoef_rfft_128), (512 bytes).
    Removing arm_common_tables.o(.rodata.twiddleCoef_rfft_256), (1024 bytes).
    Removing arm_common_tables.o(.rodata.twiddleCoef_rfft_512), (2048 bytes).
    Removing arm_common_tables.o(.rodata.twiddleCoef_rfft_1024), (4096 bytes).
    Removing arm_common_tables.o(.rodata.twiddleCoef_rfft_2048), (8192 bytes).
    Removing arm_common_tables.o(.rodata.twiddleCoef_rfft_4096), (16384 bytes).
    Removing arm_common_tables.o(.rodata.realCoefA), (32768 bytes).
    Removing arm_common_tables.o(.rodata.realCoefB), (32768 bytes).
    Removing arm_common_tables.o(.rodata.realCoefAQ31), (32768 bytes).
    Removing arm_common_tables.o(.rodata.realCoefBQ31), (32768 bytes).
    Removing arm_common_tables.o(.rodata.realCoefAQ15), (16384 bytes).
    Removing arm_common_tables.o(.rodata.realCoefBQ15), (16384 bytes).
    Removing arm_common_tables.o(.rodata.Weights_128), (1024 bytes).
    Removing arm_common_tables.o(.rodata.cos_factors_128), (512 bytes).
    Removing arm_common_tables.o(.rodata.Weights_512), (4096 bytes).
    Removing arm_common_tables.o(.rodata.cos_factors_512), (2048 bytes).
    Removing arm_common_tables.o(.rodata.Weights_2048), (16384 bytes).
    Removing arm_common_tables.o(.rodata.cos_factors_2048), (8192 bytes).
    Removing arm_common_tables.o(.rodata.Weights_8192), (65536 bytes).
    Removing arm_common_tables.o(.rodata.cos_factors_8192), (32768 bytes).
    Removing arm_common_tables.o(.rodata.WeightsQ15_128), (512 bytes).
    Removing arm_common_tables.o(.rodata.cos_factorsQ15_128), (256 bytes).
    Removing arm_common_tables.o(.rodata.WeightsQ15_512), (2048 bytes).
    Removing arm_common_tables.o(.rodata.cos_factorsQ15_512), (1024 bytes).
    Removing arm_common_tables.o(.rodata.WeightsQ15_2048), (8192 bytes).
    Removing arm_common_tables.o(.rodata.cos_factorsQ15_2048), (4096 bytes).
    Removing arm_common_tables.o(.rodata.WeightsQ15_8192), (32768 bytes).
    Removing arm_common_tables.o(.rodata.cos_factorsQ15_8192), (16384 bytes).
    Removing arm_common_tables.o(.rodata.WeightsQ31_128), (1024 bytes).
    Removing arm_common_tables.o(.rodata.cos_factorsQ31_128), (512 bytes).
    Removing arm_common_tables.o(.rodata.WeightsQ31_512), (4096 bytes).
    Removing arm_common_tables.o(.rodata.cos_factorsQ31_512), (2048 bytes).
    Removing arm_common_tables.o(.rodata.WeightsQ31_2048), (16384 bytes).
    Removing arm_common_tables.o(.rodata.cos_factorsQ31_2048), (8192 bytes).
    Removing arm_common_tables.o(.rodata.WeightsQ31_8192), (65536 bytes).
    Removing arm_common_tables.o(.rodata.cos_factorsQ31_8192), (32768 bytes).
    Removing arm_common_tables.o(.rodata.armRecipTableQ15), (128 bytes).
    Removing arm_common_tables.o(.rodata.armRecipTableQ31), (256 bytes).
    Removing arm_common_tables.o(.rodata.sinTable_q31), (2052 bytes).
    Removing arm_common_tables.o(.rodata.sinTable_q15), (1026 bytes).

1289 unused section(s) (total 988522 bytes) removed from the image.

==============================================================================

Image Symbol Table

    Local Symbols

    Symbol Name                              Value     Ov Type        Size  Object(Section)

    ../clib/microlib/division.c              0x00000000   Number         0  uldiv.o ABSOLUTE
    ../clib/microlib/init/entry.s            0x00000000   Number         0  entry.o ABSOLUTE
    ../clib/microlib/init/entry.s            0x00000000   Number         0  entry2.o ABSOLUTE
    ../clib/microlib/init/entry.s            0x00000000   Number         0  entry5.o ABSOLUTE
    ../clib/microlib/init/entry.s            0x00000000   Number         0  entry7a.o ABSOLUTE
    ../clib/microlib/init/entry.s            0x00000000   Number         0  entry7b.o ABSOLUTE
    ../clib/microlib/init/entry.s            0x00000000   Number         0  entry8a.o ABSOLUTE
    ../clib/microlib/init/entry.s            0x00000000   Number         0  entry8b.o ABSOLUTE
    ../clib/microlib/init/entry.s            0x00000000   Number         0  entry9a.o ABSOLUTE
    ../clib/microlib/init/entry.s            0x00000000   Number         0  entry9b.o ABSOLUTE
    ../clib/microlib/init/entry.s            0x00000000   Number         0  entry10a.o ABSOLUTE
    ../clib/microlib/init/entry.s            0x00000000   Number         0  entry10b.o ABSOLUTE
    ../clib/microlib/init/entry.s            0x00000000   Number         0  entry11a.o ABSOLUTE
    ../clib/microlib/init/entry.s            0x00000000   Number         0  entry11b.o ABSOLUTE
    ../clib/microlib/longlong.c              0x00000000   Number         0  llshl.o ABSOLUTE
    ../clib/microlib/longlong.c              0x00000000   Number         0  llushr.o ABSOLUTE
    ../clib/microlib/string/memset.c         0x00000000   Number         0  memseta.o ABSOLUTE
    ../clib/microlib/stubs.s                 0x00000000   Number         0  iusefp.o ABSOLUTE
    ../fplib/microlib/d2f.c                  0x00000000   Number         0  d2f.o ABSOLUTE
    ../fplib/microlib/f2d.c                  0x00000000   Number         0  f2d.o ABSOLUTE
    ../fplib/microlib/fpcmp.c                0x00000000   Number         0  dcmplt.o ABSOLUTE
    ../fplib/microlib/fpcmp.c                0x00000000   Number         0  dcmpgt.o ABSOLUTE
    ../fplib/microlib/fpdiv.c                0x00000000   Number         0  ddiv.o ABSOLUTE
    ../fplib/microlib/fpepilogue.c           0x00000000   Number         0  fepilogue.o ABSOLUTE
    ../fplib/microlib/fpepilogue.c           0x00000000   Number         0  depilogue.o ABSOLUTE
    ../fplib/microlib/fpmul.c                0x00000000   Number         0  dmul.o ABSOLUTE
    adc.c                                    0x00000000   Number         0  adc.o ABSOLUTE
    anti_cogging.c                           0x00000000   Number         0  anti_cogging.o ABSOLUTE
    arm_common_tables.c                      0x00000000   Number         0  arm_common_tables.o ABSOLUTE
    arm_cos_f32.c                            0x00000000   Number         0  arm_cos_f32.o ABSOLUTE
    arm_pid_init_f32.c                       0x00000000   Number         0  arm_pid_init_f32.o ABSOLUTE
    arm_sin_f32.c                            0x00000000   Number         0  arm_sin_f32.o ABSOLUTE
    dc.s                                     0x00000000   Number         0  dc.o ABSOLUTE
    dma.c                                    0x00000000   Number         0  dma.o ABSOLUTE
    filter.c                                 0x00000000   Number         0  filter.o ABSOLUTE
    foc.c                                    0x00000000   Number         0  foc.o ABSOLUTE
    gpio.c                                   0x00000000   Number         0  gpio.o ABSOLUTE
    handlers.s                               0x00000000   Number         0  handlers.o ABSOLUTE
    init.s                                   0x00000000   Number         0  init.o ABSOLUTE
    main.c                                   0x00000000   Number         0  main.o ABSOLUTE
    motor_runtime_param.c                    0x00000000   Number         0  motor_runtime_param.o ABSOLUTE
    spi.c                                    0x00000000   Number         0  spi.o ABSOLUTE
    startup_stm32g431xx.s                    0x00000000   Number         0  startup_stm32g431xx.o ABSOLUTE
    stm32g4xx_hal.c                          0x00000000   Number         0  stm32g4xx_hal.o ABSOLUTE
    stm32g4xx_hal_adc.c                      0x00000000   Number         0  stm32g4xx_hal_adc.o ABSOLUTE
    stm32g4xx_hal_adc_ex.c                   0x00000000   Number         0  stm32g4xx_hal_adc_ex.o ABSOLUTE
    stm32g4xx_hal_cortex.c                   0x00000000   Number         0  stm32g4xx_hal_cortex.o ABSOLUTE
    stm32g4xx_hal_dma.c                      0x00000000   Number         0  stm32g4xx_hal_dma.o ABSOLUTE
    stm32g4xx_hal_dma_ex.c                   0x00000000   Number         0  stm32g4xx_hal_dma_ex.o ABSOLUTE
    stm32g4xx_hal_exti.c                     0x00000000   Number         0  stm32g4xx_hal_exti.o ABSOLUTE
    stm32g4xx_hal_flash.c                    0x00000000   Number         0  stm32g4xx_hal_flash.o ABSOLUTE
    stm32g4xx_hal_flash_ex.c                 0x00000000   Number         0  stm32g4xx_hal_flash_ex.o ABSOLUTE
    stm32g4xx_hal_flash_ramfunc.c            0x00000000   Number         0  stm32g4xx_hal_flash_ramfunc.o ABSOLUTE
    stm32g4xx_hal_gpio.c                     0x00000000   Number         0  stm32g4xx_hal_gpio.o ABSOLUTE
    stm32g4xx_hal_msp.c                      0x00000000   Number         0  stm32g4xx_hal_msp.o ABSOLUTE
    stm32g4xx_hal_pwr.c                      0x00000000   Number         0  stm32g4xx_hal_pwr.o ABSOLUTE
    stm32g4xx_hal_pwr_ex.c                   0x00000000   Number         0  stm32g4xx_hal_pwr_ex.o ABSOLUTE
    stm32g4xx_hal_rcc.c                      0x00000000   Number         0  stm32g4xx_hal_rcc.o ABSOLUTE
    stm32g4xx_hal_rcc_ex.c                   0x00000000   Number         0  stm32g4xx_hal_rcc_ex.o ABSOLUTE
    stm32g4xx_hal_tim.c                      0x00000000   Number         0  stm32g4xx_hal_tim.o ABSOLUTE
    stm32g4xx_hal_tim_ex.c                   0x00000000   Number         0  stm32g4xx_hal_tim_ex.o ABSOLUTE
    stm32g4xx_hal_uart.c                     0x00000000   Number         0  stm32g4xx_hal_uart.o ABSOLUTE
    stm32g4xx_hal_uart_ex.c                  0x00000000   Number         0  stm32g4xx_hal_uart_ex.o ABSOLUTE
    stm32g4xx_it.c                           0x00000000   Number         0  stm32g4xx_it.o ABSOLUTE
    stm32g4xx_ll_adc.c                       0x00000000   Number         0  stm32g4xx_ll_adc.o ABSOLUTE
    stm32g4xx_ll_dma.c                       0x00000000   Number         0  stm32g4xx_ll_dma.o ABSOLUTE
    stm32g4xx_ll_exti.c                      0x00000000   Number         0  stm32g4xx_ll_exti.o ABSOLUTE
    stm32g4xx_ll_gpio.c                      0x00000000   Number         0  stm32g4xx_ll_gpio.o ABSOLUTE
    stm32g4xx_ll_rcc.c                       0x00000000   Number         0  stm32g4xx_ll_rcc.o ABSOLUTE
    stm32g4xx_ll_spi.c                       0x00000000   Number         0  stm32g4xx_ll_spi.o ABSOLUTE
    stm32g4xx_ll_utils.c                     0x00000000   Number         0  stm32g4xx_ll_utils.o ABSOLUTE
    system_stm32g4xx.c                       0x00000000   Number         0  system_stm32g4xx.o ABSOLUTE
    tim.c                                    0x00000000   Number         0  tim.o ABSOLUTE
    usart.c                                  0x00000000   Number         0  usart.o ABSOLUTE
    RESET                                    0x08000000   Section      472  startup_stm32g431xx.o(RESET)
    .ARM.Collect$$$$00000000                 0x080001d8   Section        0  entry.o(.ARM.Collect$$$$00000000)
    .ARM.Collect$$$$00000001                 0x080001d8   Section        4  entry2.o(.ARM.Collect$$$$00000001)
    .ARM.Collect$$$$00000004                 0x080001dc   Section        4  entry5.o(.ARM.Collect$$$$00000004)
    .ARM.Collect$$$$00000008                 0x080001e0   Section        0  entry7b.o(.ARM.Collect$$$$00000008)
    .ARM.Collect$$$$0000000A                 0x080001e0   Section        0  entry8b.o(.ARM.Collect$$$$0000000A)
    .ARM.Collect$$$$0000000B                 0x080001e0   Section        8  entry9a.o(.ARM.Collect$$$$0000000B)
    __lit__00000000                          0x080001e8   Data           4  entry2.o(.ARM.Collect$$$$00002712)
    .ARM.Collect$$$$0000000D                 0x080001e8   Section        0  entry10a.o(.ARM.Collect$$$$0000000D)
    .ARM.Collect$$$$0000000F                 0x080001e8   Section        0  entry11a.o(.ARM.Collect$$$$0000000F)
    .ARM.Collect$$$$00002712                 0x080001e8   Section        4  entry2.o(.ARM.Collect$$$$00002712)
    $v0                                      0x080001ec   Number         0  startup_stm32g431xx.o(.text)
    .text                                    0x080001ec   Section       36  startup_stm32g431xx.o(.text)
    .text                                    0x08000210   Section        0  uldiv.o(.text)
    .text                                    0x08000272   Section        0  memseta.o(.text)
    .text                                    0x08000296   Section        0  dmul.o(.text)
    .text                                    0x0800037a   Section        0  ddiv.o(.text)
    .text                                    0x08000458   Section        0  dcmplt.o(.text)
    .text                                    0x0800048e   Section        0  dcmpgt.o(.text)
    .text                                    0x080004c4   Section        0  f2d.o(.text)
    .text                                    0x080004ea   Section        0  d2f.o(.text)
    .text                                    0x08000522   Section        0  llshl.o(.text)
    .text                                    0x08000540   Section        0  llushr.o(.text)
    .text                                    0x08000560   Section        0  iusefp.o(.text)
    .text                                    0x08000560   Section        0  fepilogue.o(.text)
    .text                                    0x080005ce   Section        0  depilogue.o(.text)
    .text                                    0x08000688   Section       48  init.o(.text)
    [Anonymous Symbol]                       0x080006b8   Section        0  stm32g4xx_it.o(.text.ADC1_2_IRQHandler)
    [Anonymous Symbol]                       0x080006c4   Section        0  stm32g4xx_hal_adc.o(.text.ADC_Disable)
    [Anonymous Symbol]                       0x08000740   Section        0  stm32g4xx_hal_adc.o(.text.ADC_Enable)
    [Anonymous Symbol]                       0x08000838   Section        0  anti_cogging.o(.text.Anti_Cogging)
    [Anonymous Symbol]                       0x08000890   Section        0  stm32g4xx_it.o(.text.BusFault_Handler)
    [Anonymous Symbol]                       0x08000894   Section        0  stm32g4xx_it.o(.text.DMA1_Channel1_IRQHandler)
    [Anonymous Symbol]                       0x080008a0   Section        0  stm32g4xx_it.o(.text.DMA1_Channel2_IRQHandler)
    [Anonymous Symbol]                       0x080008ac   Section        0  stm32g4xx_it.o(.text.DMA1_Channel3_IRQHandler)
    [Anonymous Symbol]                       0x08000934   Section        0  stm32g4xx_it.o(.text.DMA1_Channel4_IRQHandler)
    [Anonymous Symbol]                       0x08000938   Section        0  stm32g4xx_it.o(.text.DebugMon_Handler)
    [Anonymous Symbol]                       0x0800093c   Section        0  main.o(.text.Error_Handler)
    [Anonymous Symbol]                       0x08000948   Section        0  stm32g4xx_hal_adc_ex.o(.text.HAL_ADCEx_Calibration_Start)
    [Anonymous Symbol]                       0x08000a1c   Section        0  stm32g4xx_hal_adc_ex.o(.text.HAL_ADCEx_EndOfSamplingCallback)
    [Anonymous Symbol]                       0x08000a20   Section        0  stm32g4xx_hal_adc_ex.o(.text.HAL_ADCEx_InjectedConfigChannel)
    [Anonymous Symbol]                       0x08000ee0   Section        0  adc.o(.text.HAL_ADCEx_InjectedConvCpltCallback)
    [Anonymous Symbol]                       0x08001300   Section        0  stm32g4xx_hal_adc_ex.o(.text.HAL_ADCEx_InjectedGetValue)
    [Anonymous Symbol]                       0x08001334   Section        0  stm32g4xx_hal_adc_ex.o(.text.HAL_ADCEx_InjectedQueueOverflowCallback)
    [Anonymous Symbol]                       0x08001338   Section        0  stm32g4xx_hal_adc_ex.o(.text.HAL_ADCEx_InjectedStart_IT)
    [Anonymous Symbol]                       0x08001444   Section        0  stm32g4xx_hal_adc_ex.o(.text.HAL_ADCEx_LevelOutOfWindow2Callback)
    [Anonymous Symbol]                       0x08001448   Section        0  stm32g4xx_hal_adc_ex.o(.text.HAL_ADCEx_LevelOutOfWindow3Callback)
    [Anonymous Symbol]                       0x0800144c   Section        0  stm32g4xx_hal_adc.o(.text.HAL_ADC_ConvCpltCallback)
    [Anonymous Symbol]                       0x08001450   Section        0  stm32g4xx_hal_adc.o(.text.HAL_ADC_ErrorCallback)
    [Anonymous Symbol]                       0x08001454   Section        0  stm32g4xx_hal_adc.o(.text.HAL_ADC_IRQHandler)
    [Anonymous Symbol]                       0x080016d8   Section        0  stm32g4xx_hal_adc.o(.text.HAL_ADC_Init)
    [Anonymous Symbol]                       0x08001900   Section        0  stm32g4xx_hal_adc.o(.text.HAL_ADC_LevelOutOfWindowCallback)
    [Anonymous Symbol]                       0x08001904   Section        0  adc.o(.text.HAL_ADC_MspInit)
    [Anonymous Symbol]                       0x08001988   Section        0  stm32g4xx_hal_dma.o(.text.HAL_DMA_Abort)
    [Anonymous Symbol]                       0x080019f8   Section        0  stm32g4xx_hal_dma.o(.text.HAL_DMA_Abort_IT)
    [Anonymous Symbol]                       0x08001a78   Section        0  stm32g4xx_hal_dma.o(.text.HAL_DMA_IRQHandler)
    [Anonymous Symbol]                       0x08001b24   Section        0  stm32g4xx_hal_dma.o(.text.HAL_DMA_Init)
    [Anonymous Symbol]                       0x08001c3c   Section        0  stm32g4xx_hal_dma.o(.text.HAL_DMA_Start_IT)
    [Anonymous Symbol]                       0x08001d24   Section        0  stm32g4xx_hal.o(.text.HAL_Delay)
    [Anonymous Symbol]                       0x08001d4c   Section        0  stm32g4xx_hal_gpio.o(.text.HAL_GPIO_Init)
    [Anonymous Symbol]                       0x08001f00   Section        0  stm32g4xx_hal_gpio.o(.text.HAL_GPIO_WritePin)
    [Anonymous Symbol]                       0x08001f0c   Section        0  stm32g4xx_hal.o(.text.HAL_GetTick)
    [Anonymous Symbol]                       0x08001f18   Section        0  stm32g4xx_hal.o(.text.HAL_IncTick)
    [Anonymous Symbol]                       0x08001f34   Section        0  stm32g4xx_hal.o(.text.HAL_Init)
    [Anonymous Symbol]                       0x08001f54   Section        0  stm32g4xx_hal.o(.text.HAL_InitTick)
    [Anonymous Symbol]                       0x08001fa4   Section        0  stm32g4xx_hal_msp.o(.text.HAL_MspInit)
    [Anonymous Symbol]                       0x08001fd8   Section        0  stm32g4xx_hal_cortex.o(.text.HAL_NVIC_EnableIRQ)
    [Anonymous Symbol]                       0x08001ffc   Section        0  stm32g4xx_hal_cortex.o(.text.HAL_NVIC_SetPriority)
    [Anonymous Symbol]                       0x08002054   Section        0  stm32g4xx_hal_cortex.o(.text.HAL_NVIC_SetPriorityGrouping)
    [Anonymous Symbol]                       0x08002074   Section        0  stm32g4xx_hal_pwr_ex.o(.text.HAL_PWREx_DisableUCPDDeadBattery)
    [Anonymous Symbol]                       0x08002088   Section        0  stm32g4xx_hal_rcc.o(.text.HAL_RCC_GetPCLK1Freq)
    [Anonymous Symbol]                       0x080020b4   Section        0  stm32g4xx_hal_rcc.o(.text.HAL_RCC_GetPCLK2Freq)
    [Anonymous Symbol]                       0x080020e0   Section        0  stm32g4xx_hal_rcc.o(.text.HAL_RCC_GetSysClockFreq)
    [Anonymous Symbol]                       0x08002144   Section        0  stm32g4xx_hal_cortex.o(.text.HAL_SYSTICK_Config)
    [Anonymous Symbol]                       0x08002170   Section        0  stm32g4xx_hal_tim_ex.o(.text.HAL_TIMEx_ConfigBreakDeadTime)
    [Anonymous Symbol]                       0x08002238   Section        0  stm32g4xx_hal_tim_ex.o(.text.HAL_TIMEx_MasterConfigSynchronization)
    [Anonymous Symbol]                       0x080022e0   Section        0  stm32g4xx_hal_tim.o(.text.HAL_TIM_Base_Init)
    [Anonymous Symbol]                       0x08002344   Section        0  tim.o(.text.HAL_TIM_Base_MspInit)
    [Anonymous Symbol]                       0x08002374   Section        0  stm32g4xx_hal_tim.o(.text.HAL_TIM_ConfigClockSource)
    [Anonymous Symbol]                       0x08002578   Section        0  stm32g4xx_hal_tim.o(.text.HAL_TIM_PWM_ConfigChannel)
    [Anonymous Symbol]                       0x08002940   Section        0  stm32g4xx_hal_tim.o(.text.HAL_TIM_PWM_Init)
    [Anonymous Symbol]                       0x080029a4   Section        0  stm32g4xx_hal_tim.o(.text.HAL_TIM_PWM_MspInit)
    [Anonymous Symbol]                       0x080029a8   Section        0  stm32g4xx_hal_tim.o(.text.HAL_TIM_PWM_Start)
    [Anonymous Symbol]                       0x08002b14   Section        0  stm32g4xx_hal_uart_ex.o(.text.HAL_UARTEx_DisableFifoMode)
    [Anonymous Symbol]                       0x08002b4c   Section        0  stm32g4xx_hal_uart.o(.text.HAL_UARTEx_RxEventCallback)
    [Anonymous Symbol]                       0x08002b50   Section        0  stm32g4xx_hal_uart_ex.o(.text.HAL_UARTEx_RxFifoFullCallback)
    [Anonymous Symbol]                       0x08002b54   Section        0  stm32g4xx_hal_uart_ex.o(.text.HAL_UARTEx_SetRxFifoThreshold)
    [Anonymous Symbol]                       0x08002be0   Section        0  stm32g4xx_hal_uart_ex.o(.text.HAL_UARTEx_SetTxFifoThreshold)
    [Anonymous Symbol]                       0x08002c6c   Section        0  stm32g4xx_hal_uart_ex.o(.text.HAL_UARTEx_TxFifoEmptyCallback)
    [Anonymous Symbol]                       0x08002c70   Section        0  stm32g4xx_hal_uart_ex.o(.text.HAL_UARTEx_WakeupCallback)
    [Anonymous Symbol]                       0x08002c74   Section        0  stm32g4xx_hal_uart.o(.text.HAL_UART_ErrorCallback)
    [Anonymous Symbol]                       0x08002c78   Section        0  stm32g4xx_hal_uart.o(.text.HAL_UART_IRQHandler)
    [Anonymous Symbol]                       0x080032c8   Section        0  stm32g4xx_hal_uart.o(.text.HAL_UART_Init)
    [Anonymous Symbol]                       0x0800332c   Section        0  usart.o(.text.HAL_UART_MspInit)
    [Anonymous Symbol]                       0x0800342c   Section        0  stm32g4xx_hal_uart.o(.text.HAL_UART_Transmit_DMA)
    [Anonymous Symbol]                       0x08003514   Section        0  stm32g4xx_hal_uart.o(.text.HAL_UART_TxCpltCallback)
    [Anonymous Symbol]                       0x08003518   Section        0  stm32g4xx_hal_uart.o(.text.HAL_UART_TxHalfCpltCallback)
    [Anonymous Symbol]                       0x0800351c   Section        0  stm32g4xx_it.o(.text.HardFault_Handler)
    [Anonymous Symbol]                       0x08003520   Section        0  filter.o(.text.LFP)
    [Anonymous Symbol]                       0x08003538   Section        0  stm32g4xx_ll_gpio.o(.text.LL_GPIO_Init)
    [Anonymous Symbol]                       0x08003618   Section        0  stm32g4xx_ll_spi.o(.text.LL_SPI_Init)
    [Anonymous Symbol]                       0x080036a4   Section        0  stm32g4xx_ll_utils.o(.text.LL_SetSystemCoreClock)
    [Anonymous Symbol]                       0x080036b0   Section        0  adc.o(.text.MX_ADC2_Init)
    [Anonymous Symbol]                       0x08003770   Section        0  dma.o(.text.MX_DMA_Init)
    [Anonymous Symbol]                       0x080037f4   Section        0  gpio.o(.text.MX_GPIO_Init)
    [Anonymous Symbol]                       0x080038dc   Section        0  spi.o(.text.MX_SPI1_Init)
    [Anonymous Symbol]                       0x08003a74   Section        0  tim.o(.text.MX_TIM1_Init)
    [Anonymous Symbol]                       0x08003bfc   Section        0  usart.o(.text.MX_USART1_UART_Init)
    [Anonymous Symbol]                       0x08003c80   Section        0  stm32g4xx_it.o(.text.MemManage_Handler)
    [Anonymous Symbol]                       0x08003c84   Section        0  stm32g4xx_it.o(.text.NMI_Handler)
    [Anonymous Symbol]                       0x08003c88   Section        0  stm32g4xx_it.o(.text.PendSV_Handler)
    [Anonymous Symbol]                       0x08003c8c   Section        0  stm32g4xx_it.o(.text.SVC_Handler)
    [Anonymous Symbol]                       0x08003c90   Section        0  stm32g4xx_it.o(.text.SysTick_Handler)
    [Anonymous Symbol]                       0x08003c94   Section        0  main.o(.text.SystemClock_Config)
    [Anonymous Symbol]                       0x08003e0c   Section        0  system_stm32g4xx.o(.text.SystemInit)
    [Anonymous Symbol]                       0x08003e20   Section        0  stm32g4xx_hal_tim.o(.text.TIM_Base_SetConfig)
    [Anonymous Symbol]                       0x08003f54   Section        0  stm32g4xx_hal_uart.o(.text.UART_AdvFeatureConfig)
    [Anonymous Symbol]                       0x0800403c   Section        0  stm32g4xx_hal_uart.o(.text.UART_CheckIdleState)
    UART_DMAAbortOnError                     0x080041a9   Thumb Code    12  stm32g4xx_hal_uart.o(.text.UART_DMAAbortOnError)
    [Anonymous Symbol]                       0x080041a8   Section        0  stm32g4xx_hal_uart.o(.text.UART_DMAAbortOnError)
    UART_DMAError                            0x080041b5   Thumb Code   474  stm32g4xx_hal_uart.o(.text.UART_DMAError)
    [Anonymous Symbol]                       0x080041b4   Section        0  stm32g4xx_hal_uart.o(.text.UART_DMAError)
    UART_DMATransmitCplt                     0x08004391   Thumb Code   176  stm32g4xx_hal_uart.o(.text.UART_DMATransmitCplt)
    [Anonymous Symbol]                       0x08004390   Section        0  stm32g4xx_hal_uart.o(.text.UART_DMATransmitCplt)
    UART_DMATxHalfCplt                       0x08004441   Thumb Code     6  stm32g4xx_hal_uart.o(.text.UART_DMATxHalfCplt)
    [Anonymous Symbol]                       0x08004440   Section        0  stm32g4xx_hal_uart.o(.text.UART_DMATxHalfCplt)
    [Anonymous Symbol]                       0x08004448   Section        0  stm32g4xx_hal_uart.o(.text.UART_SetConfig)
    [Anonymous Symbol]                       0x080046e0   Section        0  stm32g4xx_hal_uart.o(.text.UART_WaitOnFlagUntilTimeout)
    [Anonymous Symbol]                       0x08004a18   Section        0  stm32g4xx_it.o(.text.USART1_IRQHandler)
    [Anonymous Symbol]                       0x08004a24   Section        0  stm32g4xx_it.o(.text.UsageFault_Handler)
    [Anonymous Symbol]                       0x08004a28   Section        0  arm_cos_f32.o(.text.arm_cos_f32)
    [Anonymous Symbol]                       0x08004ac0   Section        0  arm_pid_init_f32.o(.text.arm_pid_init_f32)
    [Anonymous Symbol]                       0x08004af8   Section        0  arm_sin_f32.o(.text.arm_sin_f32)
    [Anonymous Symbol]                       0x08004b88   Section        0  foc.o(.text.cycle_diff)
    [Anonymous Symbol]                       0x08004bb8   Section        0  foc.o(.text.foc_forward)
    [Anonymous Symbol]                       0x08004e28   Section        0  foc.o(.text.lib_position_control)
    [Anonymous Symbol]                       0x08004ee8   Section        0  foc.o(.text.lib_position_speed_torque_control)
    [Anonymous Symbol]                       0x08005088   Section        0  foc.o(.text.lib_speed_torque_control)
    [Anonymous Symbol]                       0x08005150   Section        0  foc.o(.text.lib_torque_control)
    [Anonymous Symbol]                       0x08005350   Section        0  main.o(.text.main)
    [Anonymous Symbol]                       0x080054d0   Section        0  foc.o(.text.set_motor_pid)
    [Anonymous Symbol]                       0x08005530   Section        0  main.o(.text.set_pwm_duty)
    i.__scatterload_copy                     0x08005634   Section       14  handlers.o(i.__scatterload_copy)
    i.__scatterload_null                     0x08005642   Section        2  handlers.o(i.__scatterload_null)
    i.__scatterload_zeroinit                 0x08005644   Section       14  handlers.o(i.__scatterload_zeroinit)
    .Lswitch.table.UART_SetConfig.4          0x08006694   Data          16  stm32g4xx_hal_uart.o(.rodata.cst16)
    UARTEx_SetNbDataToProcess.numerator      0x080066a4   Data           8  stm32g4xx_hal_uart_ex.o(.rodata.cst8)
    [Anonymous Symbol]                       0x080066a4   Section        0  stm32g4xx_hal_uart_ex.o(.rodata.cst8)
    UARTEx_SetNbDataToProcess.denominator    0x080066ac   Data           8  stm32g4xx_hal_uart_ex.o(.rodata.cst8)
    .L_MergedGlobals                         0x20000000   Data          32  adc.o(.data..L_MergedGlobals)
    [Anonymous Symbol]                       0x20000000   Section        0  adc.o(.data..L_MergedGlobals)
    .L_MergedGlobals                         0x20000020   Data           8  stm32g4xx_hal.o(.data..L_MergedGlobals)
    [Anonymous Symbol]                       0x20000020   Section        0  stm32g4xx_hal.o(.data..L_MergedGlobals)
    .L_MergedGlobals                         0x20000028   Data           8  foc.o(.data..L_MergedGlobals)
    [Anonymous Symbol]                       0x20000028   Section        0  foc.o(.data..L_MergedGlobals)
    .L_MergedGlobals.2                       0x20000038   Data         120  foc.o(.bss..L_MergedGlobals.2)
    [Anonymous Symbol]                       0x20000038   Section        0  foc.o(.bss..L_MergedGlobals.2)
    pid_position                             0x2000008c   Data          36  foc.o(.bss..L_MergedGlobals.2)
    .L_MergedGlobals.3                       0x200000b0   Data          68  adc.o(.bss..L_MergedGlobals.3)
    [Anonymous Symbol]                       0x200000b0   Section        0  adc.o(.bss..L_MergedGlobals.3)
    .L_MergedGlobals.3                       0x200000f4   Data         108  foc.o(.bss..L_MergedGlobals.3)
    pid_speed                                0x200000f4   Data          36  foc.o(.bss..L_MergedGlobals.3)
    [Anonymous Symbol]                       0x200000f4   Section        0  foc.o(.bss..L_MergedGlobals.3)
    pid_torque_d                             0x20000118   Data          36  foc.o(.bss..L_MergedGlobals.3)
    pid_torque_q                             0x2000013c   Data          36  foc.o(.bss..L_MergedGlobals.3)
    STACK                                    0x200003b8   Section     1536  startup_stm32g431xx.o(STACK)

    Global Symbols

    Symbol Name                              Value     Ov Type        Size  Object(Section)

    BuildAttributes$$THM_ISAv4$E$P$D$K$B$S$7EM$VFPi3$EXTD16$VFPS$VFMA$PE$A:L22UL41UL21$X:L11$S22US41US21$IEEE1$IW$~IW$USESV6$~STKCKD$USESV7$~SHL$OTIME$ROPI$EBA8$MICROLIB$REQ8$PRES8$EABIv2 0x00000000   Number         0  anon$$obj.o ABSOLUTE
    __cpp_initialize__aeabi_                  - Undefined Weak Reference
    __cxa_finalize                            - Undefined Weak Reference
    __decompress                              - Undefined Weak Reference
    _clock_init                               - Undefined Weak Reference
    _microlib_exit                            - Undefined Weak Reference
    __Vectors_Size                           0x000001d8   Number         0  startup_stm32g431xx.o ABSOLUTE
    __Vectors                                0x08000000   Data           4  startup_stm32g431xx.o(RESET)
    __Vectors_End                            0x080001d8   Data           0  startup_stm32g431xx.o(RESET)
    __main                                   0x080001d9   Thumb Code     0  entry.o(.ARM.Collect$$$$00000000)
    _main_stk                                0x080001d9   Thumb Code     0  entry2.o(.ARM.Collect$$$$00000001)
    _main_scatterload                        0x080001dd   Thumb Code     0  entry5.o(.ARM.Collect$$$$00000004)
    __main_after_scatterload                 0x080001e1   Thumb Code     0  entry5.o(.ARM.Collect$$$$00000004)
    _main_clock                              0x080001e1   Thumb Code     0  entry7b.o(.ARM.Collect$$$$00000008)
    _main_cpp_init                           0x080001e1   Thumb Code     0  entry8b.o(.ARM.Collect$$$$0000000A)
    _main_init                               0x080001e1   Thumb Code     0  entry9a.o(.ARM.Collect$$$$0000000B)
    __rt_final_cpp                           0x080001e9   Thumb Code     0  entry10a.o(.ARM.Collect$$$$0000000D)
    __rt_final_exit                          0x080001e9   Thumb Code     0  entry11a.o(.ARM.Collect$$$$0000000F)
    Reset_Handler                            0x080001ed   Thumb Code     8  startup_stm32g431xx.o(.text)
    COMP1_2_3_IRQHandler                     0x08000207   Thumb Code     0  startup_stm32g431xx.o(.text)
    COMP4_IRQHandler                         0x08000207   Thumb Code     0  startup_stm32g431xx.o(.text)
    CORDIC_IRQHandler                        0x08000207   Thumb Code     0  startup_stm32g431xx.o(.text)
    CRS_IRQHandler                           0x08000207   Thumb Code     0  startup_stm32g431xx.o(.text)
    DMA1_Channel5_IRQHandler                 0x08000207   Thumb Code     0  startup_stm32g431xx.o(.text)
    DMA1_Channel6_IRQHandler                 0x08000207   Thumb Code     0  startup_stm32g431xx.o(.text)
    DMA2_Channel1_IRQHandler                 0x08000207   Thumb Code     0  startup_stm32g431xx.o(.text)
    DMA2_Channel2_IRQHandler                 0x08000207   Thumb Code     0  startup_stm32g431xx.o(.text)
    DMA2_Channel3_IRQHandler                 0x08000207   Thumb Code     0  startup_stm32g431xx.o(.text)
    DMA2_Channel4_IRQHandler                 0x08000207   Thumb Code     0  startup_stm32g431xx.o(.text)
    DMA2_Channel5_IRQHandler                 0x08000207   Thumb Code     0  startup_stm32g431xx.o(.text)
    DMA2_Channel6_IRQHandler                 0x08000207   Thumb Code     0  startup_stm32g431xx.o(.text)
    DMAMUX_OVR_IRQHandler                    0x08000207   Thumb Code     0  startup_stm32g431xx.o(.text)
    EXTI0_IRQHandler                         0x08000207   Thumb Code     0  startup_stm32g431xx.o(.text)
    EXTI15_10_IRQHandler                     0x08000207   Thumb Code     0  startup_stm32g431xx.o(.text)
    EXTI1_IRQHandler                         0x08000207   Thumb Code     0  startup_stm32g431xx.o(.text)
    EXTI2_IRQHandler                         0x08000207   Thumb Code     0  startup_stm32g431xx.o(.text)
    EXTI3_IRQHandler                         0x08000207   Thumb Code     0  startup_stm32g431xx.o(.text)
    EXTI4_IRQHandler                         0x08000207   Thumb Code     0  startup_stm32g431xx.o(.text)
    EXTI9_5_IRQHandler                       0x08000207   Thumb Code     0  startup_stm32g431xx.o(.text)
    FDCAN1_IT0_IRQHandler                    0x08000207   Thumb Code     0  startup_stm32g431xx.o(.text)
    FDCAN1_IT1_IRQHandler                    0x08000207   Thumb Code     0  startup_stm32g431xx.o(.text)
    FLASH_IRQHandler                         0x08000207   Thumb Code     0  startup_stm32g431xx.o(.text)
    FMAC_IRQHandler                          0x08000207   Thumb Code     0  startup_stm32g431xx.o(.text)
    FPU_IRQHandler                           0x08000207   Thumb Code     0  startup_stm32g431xx.o(.text)
    I2C1_ER_IRQHandler                       0x08000207   Thumb Code     0  startup_stm32g431xx.o(.text)
    I2C1_EV_IRQHandler                       0x08000207   Thumb Code     0  startup_stm32g431xx.o(.text)
    I2C2_ER_IRQHandler                       0x08000207   Thumb Code     0  startup_stm32g431xx.o(.text)
    I2C2_EV_IRQHandler                       0x08000207   Thumb Code     0  startup_stm32g431xx.o(.text)
    I2C3_ER_IRQHandler                       0x08000207   Thumb Code     0  startup_stm32g431xx.o(.text)
    I2C3_EV_IRQHandler                       0x08000207   Thumb Code     0  startup_stm32g431xx.o(.text)
    LPTIM1_IRQHandler                        0x08000207   Thumb Code     0  startup_stm32g431xx.o(.text)
    LPUART1_IRQHandler                       0x08000207   Thumb Code     0  startup_stm32g431xx.o(.text)
    PVD_PVM_IRQHandler                       0x08000207   Thumb Code     0  startup_stm32g431xx.o(.text)
    RCC_IRQHandler                           0x08000207   Thumb Code     0  startup_stm32g431xx.o(.text)
    RNG_IRQHandler                           0x08000207   Thumb Code     0  startup_stm32g431xx.o(.text)
    RTC_Alarm_IRQHandler                     0x08000207   Thumb Code     0  startup_stm32g431xx.o(.text)
    RTC_TAMP_LSECSS_IRQHandler               0x08000207   Thumb Code     0  startup_stm32g431xx.o(.text)
    RTC_WKUP_IRQHandler                      0x08000207   Thumb Code     0  startup_stm32g431xx.o(.text)
    SAI1_IRQHandler                          0x08000207   Thumb Code     0  startup_stm32g431xx.o(.text)
    SPI1_IRQHandler                          0x08000207   Thumb Code     0  startup_stm32g431xx.o(.text)
    SPI2_IRQHandler                          0x08000207   Thumb Code     0  startup_stm32g431xx.o(.text)
    SPI3_IRQHandler                          0x08000207   Thumb Code     0  startup_stm32g431xx.o(.text)
    TIM1_BRK_TIM15_IRQHandler                0x08000207   Thumb Code     0  startup_stm32g431xx.o(.text)
    TIM1_CC_IRQHandler                       0x08000207   Thumb Code     0  startup_stm32g431xx.o(.text)
    TIM1_TRG_COM_TIM17_IRQHandler            0x08000207   Thumb Code     0  startup_stm32g431xx.o(.text)
    TIM1_UP_TIM16_IRQHandler                 0x08000207   Thumb Code     0  startup_stm32g431xx.o(.text)
    TIM2_IRQHandler                          0x08000207   Thumb Code     0  startup_stm32g431xx.o(.text)
    TIM3_IRQHandler                          0x08000207   Thumb Code     0  startup_stm32g431xx.o(.text)
    TIM4_IRQHandler                          0x08000207   Thumb Code     0  startup_stm32g431xx.o(.text)
    TIM6_DAC_IRQHandler                      0x08000207   Thumb Code     0  startup_stm32g431xx.o(.text)
    TIM7_IRQHandler                          0x08000207   Thumb Code     0  startup_stm32g431xx.o(.text)
    TIM8_BRK_IRQHandler                      0x08000207   Thumb Code     0  startup_stm32g431xx.o(.text)
    TIM8_CC_IRQHandler                       0x08000207   Thumb Code     0  startup_stm32g431xx.o(.text)
    TIM8_TRG_COM_IRQHandler                  0x08000207   Thumb Code     0  startup_stm32g431xx.o(.text)
    TIM8_UP_IRQHandler                       0x08000207   Thumb Code     0  startup_stm32g431xx.o(.text)
    UART4_IRQHandler                         0x08000207   Thumb Code     0  startup_stm32g431xx.o(.text)
    UCPD1_IRQHandler                         0x08000207   Thumb Code     0  startup_stm32g431xx.o(.text)
    USART2_IRQHandler                        0x08000207   Thumb Code     0  startup_stm32g431xx.o(.text)
    USART3_IRQHandler                        0x08000207   Thumb Code     0  startup_stm32g431xx.o(.text)
    USBWakeUp_IRQHandler                     0x08000207   Thumb Code     0  startup_stm32g431xx.o(.text)
    USB_HP_IRQHandler                        0x08000207   Thumb Code     0  startup_stm32g431xx.o(.text)
    USB_LP_IRQHandler                        0x08000207   Thumb Code     0  startup_stm32g431xx.o(.text)
    WWDG_IRQHandler                          0x08000207   Thumb Code     0  startup_stm32g431xx.o(.text)
    __aeabi_uldivmod                         0x08000211   Thumb Code    98  uldiv.o(.text)
    __aeabi_memset                           0x08000273   Thumb Code    14  memseta.o(.text)
    __aeabi_memset4                          0x08000273   Thumb Code     0  memseta.o(.text)
    __aeabi_memset8                          0x08000273   Thumb Code     0  memseta.o(.text)
    __aeabi_memclr                           0x08000281   Thumb Code     4  memseta.o(.text)
    __aeabi_memclr4                          0x08000281   Thumb Code     0  memseta.o(.text)
    __aeabi_memclr8                          0x08000281   Thumb Code     0  memseta.o(.text)
    _memset$wrapper                          0x08000285   Thumb Code    18  memseta.o(.text)
    __aeabi_dmul                             0x08000297   Thumb Code   228  dmul.o(.text)
    __aeabi_ddiv                             0x0800037b   Thumb Code   222  ddiv.o(.text)
    __aeabi_dcmplt                           0x08000459   Thumb Code    54  dcmplt.o(.text)
    __aeabi_dcmpgt                           0x0800048f   Thumb Code    54  dcmpgt.o(.text)
    __aeabi_f2d                              0x080004c5   Thumb Code    38  f2d.o(.text)
    __aeabi_d2f                              0x080004eb   Thumb Code    56  d2f.o(.text)
    __aeabi_llsl                             0x08000523   Thumb Code    30  llshl.o(.text)
    _ll_shift_l                              0x08000523   Thumb Code     0  llshl.o(.text)
    __aeabi_llsr                             0x08000541   Thumb Code    32  llushr.o(.text)
    _ll_ushift_r                             0x08000541   Thumb Code     0  llushr.o(.text)
    __I$use$fp                               0x08000561   Thumb Code     0  iusefp.o(.text)
    _float_round                             0x08000561   Thumb Code    18  fepilogue.o(.text)
    _float_epilogue                          0x08000573   Thumb Code    92  fepilogue.o(.text)
    _double_round                            0x080005cf   Thumb Code    30  depilogue.o(.text)
    _double_epilogue                         0x080005ed   Thumb Code   156  depilogue.o(.text)
    __scatterload                            0x08000689   Thumb Code    38  init.o(.text)
    __scatterload_rt2                        0x08000689   Thumb Code     0  init.o(.text)
    ADC1_2_IRQHandler                        0x080006b9   Thumb Code    12  stm32g4xx_it.o(.text.ADC1_2_IRQHandler)
    ADC_Disable                              0x080006c5   Thumb Code   124  stm32g4xx_hal_adc.o(.text.ADC_Disable)
    ADC_Enable                               0x08000741   Thumb Code   246  stm32g4xx_hal_adc.o(.text.ADC_Enable)
    Anti_Cogging                             0x08000839   Thumb Code    86  anti_cogging.o(.text.Anti_Cogging)
    BusFault_Handler                         0x08000891   Thumb Code     2  stm32g4xx_it.o(.text.BusFault_Handler)
    DMA1_Channel1_IRQHandler                 0x08000895   Thumb Code    12  stm32g4xx_it.o(.text.DMA1_Channel1_IRQHandler)
    DMA1_Channel2_IRQHandler                 0x080008a1   Thumb Code    12  stm32g4xx_it.o(.text.DMA1_Channel2_IRQHandler)
    DMA1_Channel3_IRQHandler                 0x080008ad   Thumb Code   134  stm32g4xx_it.o(.text.DMA1_Channel3_IRQHandler)
    DMA1_Channel4_IRQHandler                 0x08000935   Thumb Code     2  stm32g4xx_it.o(.text.DMA1_Channel4_IRQHandler)
    DebugMon_Handler                         0x08000939   Thumb Code     2  stm32g4xx_it.o(.text.DebugMon_Handler)
    Error_Handler                            0x0800093d   Thumb Code    10  main.o(.text.Error_Handler)
    HAL_ADCEx_Calibration_Start              0x08000949   Thumb Code   212  stm32g4xx_hal_adc_ex.o(.text.HAL_ADCEx_Calibration_Start)
    HAL_ADCEx_EndOfSamplingCallback          0x08000a1d   Thumb Code     2  stm32g4xx_hal_adc_ex.o(.text.HAL_ADCEx_EndOfSamplingCallback)
    HAL_ADCEx_InjectedConfigChannel          0x08000a21   Thumb Code  1214  stm32g4xx_hal_adc_ex.o(.text.HAL_ADCEx_InjectedConfigChannel)
    HAL_ADCEx_InjectedConvCpltCallback       0x08000ee1   Thumb Code   992  adc.o(.text.HAL_ADCEx_InjectedConvCpltCallback)
    HAL_ADCEx_InjectedGetValue               0x08001301   Thumb Code    50  stm32g4xx_hal_adc_ex.o(.text.HAL_ADCEx_InjectedGetValue)
    HAL_ADCEx_InjectedQueueOverflowCallback  0x08001335   Thumb Code     2  stm32g4xx_hal_adc_ex.o(.text.HAL_ADCEx_InjectedQueueOverflowCallback)
    HAL_ADCEx_InjectedStart_IT               0x08001339   Thumb Code   266  stm32g4xx_hal_adc_ex.o(.text.HAL_ADCEx_InjectedStart_IT)
    HAL_ADCEx_LevelOutOfWindow2Callback      0x08001445   Thumb Code     2  stm32g4xx_hal_adc_ex.o(.text.HAL_ADCEx_LevelOutOfWindow2Callback)
    HAL_ADCEx_LevelOutOfWindow3Callback      0x08001449   Thumb Code     2  stm32g4xx_hal_adc_ex.o(.text.HAL_ADCEx_LevelOutOfWindow3Callback)
    HAL_ADC_ConvCpltCallback                 0x0800144d   Thumb Code     2  stm32g4xx_hal_adc.o(.text.HAL_ADC_ConvCpltCallback)
    HAL_ADC_ErrorCallback                    0x08001451   Thumb Code     2  stm32g4xx_hal_adc.o(.text.HAL_ADC_ErrorCallback)
    HAL_ADC_IRQHandler                       0x08001455   Thumb Code   642  stm32g4xx_hal_adc.o(.text.HAL_ADC_IRQHandler)
    HAL_ADC_Init                             0x080016d9   Thumb Code   550  stm32g4xx_hal_adc.o(.text.HAL_ADC_Init)
    HAL_ADC_LevelOutOfWindowCallback         0x08001901   Thumb Code     2  stm32g4xx_hal_adc.o(.text.HAL_ADC_LevelOutOfWindowCallback)
    HAL_ADC_MspInit                          0x08001905   Thumb Code   130  adc.o(.text.HAL_ADC_MspInit)
    HAL_DMA_Abort                            0x08001989   Thumb Code   112  stm32g4xx_hal_dma.o(.text.HAL_DMA_Abort)
    HAL_DMA_Abort_IT                         0x080019f9   Thumb Code   128  stm32g4xx_hal_dma.o(.text.HAL_DMA_Abort_IT)
    HAL_DMA_IRQHandler                       0x08001a79   Thumb Code   170  stm32g4xx_hal_dma.o(.text.HAL_DMA_IRQHandler)
    HAL_DMA_Init                             0x08001b25   Thumb Code   280  stm32g4xx_hal_dma.o(.text.HAL_DMA_Init)
    HAL_DMA_Start_IT                         0x08001c3d   Thumb Code   232  stm32g4xx_hal_dma.o(.text.HAL_DMA_Start_IT)
    HAL_Delay                                0x08001d25   Thumb Code    40  stm32g4xx_hal.o(.text.HAL_Delay)
    HAL_GPIO_Init                            0x08001d4d   Thumb Code   434  stm32g4xx_hal_gpio.o(.text.HAL_GPIO_Init)
    HAL_GPIO_WritePin                        0x08001f01   Thumb Code    12  stm32g4xx_hal_gpio.o(.text.HAL_GPIO_WritePin)
    HAL_GetTick                              0x08001f0d   Thumb Code    12  stm32g4xx_hal.o(.text.HAL_GetTick)
    HAL_IncTick                              0x08001f19   Thumb Code    26  stm32g4xx_hal.o(.text.HAL_IncTick)
    HAL_Init                                 0x08001f35   Thumb Code    30  stm32g4xx_hal.o(.text.HAL_Init)
    HAL_InitTick                             0x08001f55   Thumb Code    80  stm32g4xx_hal.o(.text.HAL_InitTick)
    HAL_MspInit                              0x08001fa5   Thumb Code    52  stm32g4xx_hal_msp.o(.text.HAL_MspInit)
    HAL_NVIC_EnableIRQ                       0x08001fd9   Thumb Code    34  stm32g4xx_hal_cortex.o(.text.HAL_NVIC_EnableIRQ)
    HAL_NVIC_SetPriority                     0x08001ffd   Thumb Code    86  stm32g4xx_hal_cortex.o(.text.HAL_NVIC_SetPriority)
    HAL_NVIC_SetPriorityGrouping             0x08002055   Thumb Code    32  stm32g4xx_hal_cortex.o(.text.HAL_NVIC_SetPriorityGrouping)
    HAL_PWREx_DisableUCPDDeadBattery         0x08002075   Thumb Code    18  stm32g4xx_hal_pwr_ex.o(.text.HAL_PWREx_DisableUCPDDeadBattery)
    HAL_RCC_GetPCLK1Freq                     0x08002089   Thumb Code    42  stm32g4xx_hal_rcc.o(.text.HAL_RCC_GetPCLK1Freq)
    HAL_RCC_GetPCLK2Freq                     0x080020b5   Thumb Code    42  stm32g4xx_hal_rcc.o(.text.HAL_RCC_GetPCLK2Freq)
    HAL_RCC_GetSysClockFreq                  0x080020e1   Thumb Code    98  stm32g4xx_hal_rcc.o(.text.HAL_RCC_GetSysClockFreq)
    HAL_SYSTICK_Config                       0x08002145   Thumb Code    44  stm32g4xx_hal_cortex.o(.text.HAL_SYSTICK_Config)
    HAL_TIMEx_ConfigBreakDeadTime            0x08002171   Thumb Code   200  stm32g4xx_hal_tim_ex.o(.text.HAL_TIMEx_ConfigBreakDeadTime)
    HAL_TIMEx_MasterConfigSynchronization    0x08002239   Thumb Code   166  stm32g4xx_hal_tim_ex.o(.text.HAL_TIMEx_MasterConfigSynchronization)
    HAL_TIM_Base_Init                        0x080022e1   Thumb Code    98  stm32g4xx_hal_tim.o(.text.HAL_TIM_Base_Init)
    HAL_TIM_Base_MspInit                     0x08002345   Thumb Code    48  tim.o(.text.HAL_TIM_Base_MspInit)
    HAL_TIM_ConfigClockSource                0x08002375   Thumb Code   516  stm32g4xx_hal_tim.o(.text.HAL_TIM_ConfigClockSource)
    HAL_TIM_PWM_ConfigChannel                0x08002579   Thumb Code   968  stm32g4xx_hal_tim.o(.text.HAL_TIM_PWM_ConfigChannel)
    HAL_TIM_PWM_Init                         0x08002941   Thumb Code    98  stm32g4xx_hal_tim.o(.text.HAL_TIM_PWM_Init)
    HAL_TIM_PWM_MspInit                      0x080029a5   Thumb Code     2  stm32g4xx_hal_tim.o(.text.HAL_TIM_PWM_MspInit)
    HAL_TIM_PWM_Start                        0x080029a9   Thumb Code   362  stm32g4xx_hal_tim.o(.text.HAL_TIM_PWM_Start)
    HAL_UARTEx_DisableFifoMode               0x08002b15   Thumb Code    54  stm32g4xx_hal_uart_ex.o(.text.HAL_UARTEx_DisableFifoMode)
    HAL_UARTEx_RxEventCallback               0x08002b4d   Thumb Code     2  stm32g4xx_hal_uart.o(.text.HAL_UARTEx_RxEventCallback)
    HAL_UARTEx_RxFifoFullCallback            0x08002b51   Thumb Code     2  stm32g4xx_hal_uart_ex.o(.text.HAL_UARTEx_RxFifoFullCallback)
    HAL_UARTEx_SetRxFifoThreshold            0x08002b55   Thumb Code   140  stm32g4xx_hal_uart_ex.o(.text.HAL_UARTEx_SetRxFifoThreshold)
    HAL_UARTEx_SetTxFifoThreshold            0x08002be1   Thumb Code   140  stm32g4xx_hal_uart_ex.o(.text.HAL_UARTEx_SetTxFifoThreshold)
    HAL_UARTEx_TxFifoEmptyCallback           0x08002c6d   Thumb Code     2  stm32g4xx_hal_uart_ex.o(.text.HAL_UARTEx_TxFifoEmptyCallback)
    HAL_UARTEx_WakeupCallback                0x08002c71   Thumb Code     2  stm32g4xx_hal_uart_ex.o(.text.HAL_UARTEx_WakeupCallback)
    HAL_UART_ErrorCallback                   0x08002c75   Thumb Code     2  stm32g4xx_hal_uart.o(.text.HAL_UART_ErrorCallback)
    HAL_UART_IRQHandler                      0x08002c79   Thumb Code  1614  stm32g4xx_hal_uart.o(.text.HAL_UART_IRQHandler)
    HAL_UART_Init                            0x080032c9   Thumb Code   100  stm32g4xx_hal_uart.o(.text.HAL_UART_Init)
    HAL_UART_MspInit                         0x0800332d   Thumb Code   254  usart.o(.text.HAL_UART_MspInit)
    HAL_UART_Transmit_DMA                    0x0800342d   Thumb Code   232  stm32g4xx_hal_uart.o(.text.HAL_UART_Transmit_DMA)
    HAL_UART_TxCpltCallback                  0x08003515   Thumb Code     2  stm32g4xx_hal_uart.o(.text.HAL_UART_TxCpltCallback)
    HAL_UART_TxHalfCpltCallback              0x08003519   Thumb Code     2  stm32g4xx_hal_uart.o(.text.HAL_UART_TxHalfCpltCallback)
    HardFault_Handler                        0x0800351d   Thumb Code     2  stm32g4xx_it.o(.text.HardFault_Handler)
    LFP                                      0x08003521   Thumb Code    22  filter.o(.text.LFP)
    LL_GPIO_Init                             0x08003539   Thumb Code   222  stm32g4xx_ll_gpio.o(.text.LL_GPIO_Init)
    LL_SPI_Init                              0x08003619   Thumb Code   140  stm32g4xx_ll_spi.o(.text.LL_SPI_Init)
    LL_SetSystemCoreClock                    0x080036a5   Thumb Code    12  stm32g4xx_ll_utils.o(.text.LL_SetSystemCoreClock)
    MX_ADC2_Init                             0x080036b1   Thumb Code   190  adc.o(.text.MX_ADC2_Init)
    MX_DMA_Init                              0x08003771   Thumb Code   130  dma.o(.text.MX_DMA_Init)
    MX_GPIO_Init                             0x080037f5   Thumb Code   232  gpio.o(.text.MX_GPIO_Init)
    MX_SPI1_Init                             0x080038dd   Thumb Code   408  spi.o(.text.MX_SPI1_Init)
    MX_TIM1_Init                             0x08003a75   Thumb Code   392  tim.o(.text.MX_TIM1_Init)
    MX_USART1_UART_Init                      0x08003bfd   Thumb Code   130  usart.o(.text.MX_USART1_UART_Init)
    MemManage_Handler                        0x08003c81   Thumb Code     2  stm32g4xx_it.o(.text.MemManage_Handler)
    NMI_Handler                              0x08003c85   Thumb Code     2  stm32g4xx_it.o(.text.NMI_Handler)
    PendSV_Handler                           0x08003c89   Thumb Code     2  stm32g4xx_it.o(.text.PendSV_Handler)
    SVC_Handler                              0x08003c8d   Thumb Code     2  stm32g4xx_it.o(.text.SVC_Handler)
    SysTick_Handler                          0x08003c91   Thumb Code     4  stm32g4xx_it.o(.text.SysTick_Handler)
    SystemClock_Config                       0x08003c95   Thumb Code   376  main.o(.text.SystemClock_Config)
    SystemInit                               0x08003e0d   Thumb Code    18  system_stm32g4xx.o(.text.SystemInit)
    TIM_Base_SetConfig                       0x08003e21   Thumb Code   308  stm32g4xx_hal_tim.o(.text.TIM_Base_SetConfig)
    UART_AdvFeatureConfig                    0x08003f55   Thumb Code   230  stm32g4xx_hal_uart.o(.text.UART_AdvFeatureConfig)
    UART_CheckIdleState                      0x0800403d   Thumb Code   362  stm32g4xx_hal_uart.o(.text.UART_CheckIdleState)
    UART_SetConfig                           0x08004449   Thumb Code   648  stm32g4xx_hal_uart.o(.text.UART_SetConfig)
    UART_WaitOnFlagUntilTimeout              0x080046e1   Thumb Code   822  stm32g4xx_hal_uart.o(.text.UART_WaitOnFlagUntilTimeout)
    USART1_IRQHandler                        0x08004a19   Thumb Code    12  stm32g4xx_it.o(.text.USART1_IRQHandler)
    UsageFault_Handler                       0x08004a25   Thumb Code     2  stm32g4xx_it.o(.text.UsageFault_Handler)
    arm_cos_f32                              0x08004a29   Thumb Code   152  arm_cos_f32.o(.text.arm_cos_f32)
    arm_pid_init_f32                         0x08004ac1   Thumb Code    56  arm_pid_init_f32.o(.text.arm_pid_init_f32)
    arm_sin_f32                              0x08004af9   Thumb Code   144  arm_sin_f32.o(.text.arm_sin_f32)
    cycle_diff                               0x08004b89   Thumb Code    48  foc.o(.text.cycle_diff)
    foc_forward                              0x08004bb9   Thumb Code   600  foc.o(.text.foc_forward)
    lib_position_control                     0x08004e29   Thumb Code   172  foc.o(.text.lib_position_control)
    lib_position_speed_torque_control        0x08004ee9   Thumb Code   376  foc.o(.text.lib_position_speed_torque_control)
    lib_speed_torque_control                 0x08005089   Thumb Code   176  foc.o(.text.lib_speed_torque_control)
    lib_torque_control                       0x08005151   Thumb Code   488  foc.o(.text.lib_torque_control)
    main                                     0x08005351   Thumb Code   368  main.o(.text.main)
    set_motor_pid                            0x080054d1   Thumb Code    94  foc.o(.text.set_motor_pid)
    set_pwm_duty                             0x08005531   Thumb Code   248  main.o(.text.set_pwm_duty)
    __scatterload_copy                       0x08005635   Thumb Code    14  handlers.o(i.__scatterload_copy)
    __scatterload_null                       0x08005643   Thumb Code     2  handlers.o(i.__scatterload_null)
    __scatterload_zeroinit                   0x08005645   Thumb Code    14  handlers.o(i.__scatterload_zeroinit)
    APBPrescTable                            0x08005652   Data           8  system_stm32g4xx.o(.rodata.APBPrescTable)
    Anti_Table                               0x0800565c   Data        4096  anti_cogging.o(.rodata.Anti_Table)
    K_to_sector                              0x0800665c   Data          32  foc.o(.rodata.K_to_sector)
    UARTPrescTable                           0x0800667c   Data          24  stm32g4xx_hal_uart.o(.rodata.UARTPrescTable)
    sinTable_f32                             0x080066b4   Data        2052  arm_common_tables.o(.rodata.sinTable_f32)
    v                                        0x08006eb8   Data          72  foc.o(.rodata.v)
    Region$$Table$$Base                      0x08006f00   Number         0  anon$$obj.o(Region$$Table)
    Region$$Table$$Limit                     0x08006f20   Number         0  anon$$obj.o(Region$$Table)
    once                                     0x20000000   Data           1  adc.o(.data..L_MergedGlobals)
    filter_alpha_i_d                         0x20000004   Data           4  adc.o(.data..L_MergedGlobals)
    filter_alpha_i_q                         0x20000008   Data           4  adc.o(.data..L_MergedGlobals)
    fliter_alpha_speed                       0x2000000c   Data           4  adc.o(.data..L_MergedGlobals)
    freq_speed                               0x20000010   Data           4  adc.o(.data..L_MergedGlobals)
    frame                                    0x20000014   Data          12  adc.o(.data..L_MergedGlobals)
    uwTickPrio                               0x20000020   Data           4  stm32g4xx_hal.o(.data..L_MergedGlobals)
    uwTickFreq                               0x20000024   Data           4  stm32g4xx_hal.o(.data..L_MergedGlobals)
    Kt_d                                     0x20000028   Data           4  foc.o(.data..L_MergedGlobals)
    Kt_q                                     0x2000002c   Data           4  foc.o(.data..L_MergedGlobals)
    SystemCoreClock                          0x20000030   Data           4  system_stm32g4xx.o(.data.SystemCoreClock)
    step                                     0x20000034   Data           4  anti_cogging.o(.data.step)
    A                                        0x20000038   Data           1  foc.o(.bss..L_MergedGlobals.2)
    B                                        0x20000039   Data           1  foc.o(.bss..L_MergedGlobals.2)
    C                                        0x2000003a   Data           1  foc.o(.bss..L_MergedGlobals.2)
    d                                        0x2000003c   Data           4  foc.o(.bss..L_MergedGlobals.2)
    q                                        0x20000040   Data           4  foc.o(.bss..L_MergedGlobals.2)
    amplitude                                0x20000044   Data           4  foc.o(.bss..L_MergedGlobals.2)
    K                                        0x20000048   Data           4  foc.o(.bss..L_MergedGlobals.2)
    sector                                   0x2000004c   Data           4  foc.o(.bss..L_MergedGlobals.2)
    t_m                                      0x20000050   Data           4  foc.o(.bss..L_MergedGlobals.2)
    t_n                                      0x20000054   Data           4  foc.o(.bss..L_MergedGlobals.2)
    t_0                                      0x20000058   Data           4  foc.o(.bss..L_MergedGlobals.2)
    alpha                                    0x2000005c   Data           4  foc.o(.bss..L_MergedGlobals.2)
    beta                                     0x20000060   Data           4  foc.o(.bss..L_MergedGlobals.2)
    sin_phi                                  0x20000064   Data           4  foc.o(.bss..L_MergedGlobals.2)
    cos_phi                                  0x20000068   Data           4  foc.o(.bss..L_MergedGlobals.2)
    diff_d                                   0x2000006c   Data           4  foc.o(.bss..L_MergedGlobals.2)
    out_unlimited_d                          0x20000070   Data           4  foc.o(.bss..L_MergedGlobals.2)
    out_limited_d                            0x20000074   Data           4  foc.o(.bss..L_MergedGlobals.2)
    error_integral_windup_d                  0x20000078   Data           4  foc.o(.bss..L_MergedGlobals.2)
    diff_q                                   0x2000007c   Data           4  foc.o(.bss..L_MergedGlobals.2)
    out_unlimited_q                          0x20000080   Data           4  foc.o(.bss..L_MergedGlobals.2)
    out_limited_q                            0x20000084   Data           4  foc.o(.bss..L_MergedGlobals.2)
    error_integral_windup_q                  0x20000088   Data           4  foc.o(.bss..L_MergedGlobals.2)
    run_state                                0x200000b0   Data           1  adc.o(.bss..L_MergedGlobals.3)
    calculate_num                            0x200000b4   Data           4  adc.o(.bss..L_MergedGlobals.3)
    calculate_u                              0x200000b8   Data           4  adc.o(.bss..L_MergedGlobals.3)
    calculate_v                              0x200000bc   Data           4  adc.o(.bss..L_MergedGlobals.3)
    encoder_angle_last                       0x200000c0   Data           4  adc.o(.bss..L_MergedGlobals.3)
    diff_angle                               0x200000c4   Data           4  adc.o(.bss..L_MergedGlobals.3)
    _motor_speed                             0x200000c8   Data           4  adc.o(.bss..L_MergedGlobals.3)
    raw_u                                    0x200000cc   Data           4  adc.o(.bss..L_MergedGlobals.3)
    raw_v                                    0x200000d0   Data           4  adc.o(.bss..L_MergedGlobals.3)
    u_u                                      0x200000d4   Data           4  adc.o(.bss..L_MergedGlobals.3)
    u_w                                      0x200000d8   Data           4  adc.o(.bss..L_MergedGlobals.3)
    i_alpha                                  0x200000dc   Data           4  adc.o(.bss..L_MergedGlobals.3)
    i_beta                                   0x200000e0   Data           4  adc.o(.bss..L_MergedGlobals.3)
    sin_value                                0x200000e4   Data           4  adc.o(.bss..L_MergedGlobals.3)
    cos_value                                0x200000e8   Data           4  adc.o(.bss..L_MergedGlobals.3)
    _motor_i_d                               0x200000ec   Data           4  adc.o(.bss..L_MergedGlobals.3)
    _motor_i_q                               0x200000f0   Data           4  adc.o(.bss..L_MergedGlobals.3)
    KTH7823_rx_data                          0x20000160   Data           2  spi.o(.bss.KTH7823_rx_data)
    KTH7823_tx_data                          0x20000162   Data           2  spi.o(.bss.KTH7823_tx_data)
    angle_raw                                0x20000164   Data           2  motor_runtime_param.o(.bss.angle_raw)
    encoder_angle                            0x20000168   Data           4  motor_runtime_param.o(.bss.encoder_angle)
    hadc2                                    0x2000016c   Data         108  adc.o(.bss.hadc2)
    hdma_usart1_rx                           0x200001d8   Data          96  usart.o(.bss.hdma_usart1_rx)
    hdma_usart1_tx                           0x20000238   Data          96  usart.o(.bss.hdma_usart1_tx)
    htim1                                    0x20000298   Data          76  tim.o(.bss.htim1)
    huart1                                   0x200002e4   Data         148  usart.o(.bss.huart1)
    motor_control_context                    0x20000378   Data          28  foc.o(.bss.motor_control_context)
    motor_i_d                                0x20000394   Data           4  motor_runtime_param.o(.bss.motor_i_d)
    motor_i_q                                0x20000398   Data           4  motor_runtime_param.o(.bss.motor_i_q)
    motor_i_u                                0x2000039c   Data           4  motor_runtime_param.o(.bss.motor_i_u)
    motor_i_w                                0x200003a0   Data           4  motor_runtime_param.o(.bss.motor_i_w)
    motor_logic_angle                        0x200003a4   Data           4  motor_runtime_param.o(.bss.motor_logic_angle)
    motor_speed                              0x200003a8   Data           4  motor_runtime_param.o(.bss.motor_speed)
    num                                      0x200003ac   Data           1  spi.o(.bss.num)
    rotor_zero_angle                         0x200003b0   Data           4  motor_runtime_param.o(.bss.rotor_zero_angle)
    uwTick                                   0x200003b4   Data           4  stm32g4xx_hal.o(.bss.uwTick)
    __initial_sp                             0x200009b8   Data           0  startup_stm32g431xx.o(STACK)



==============================================================================

Memory Map of the image

  Image Entry point : 0x080001d9

  Load Region LR_IROM1 (Base: 0x08000000, Size: 0x00006f58, Max: 0x00020000, ABSOLUTE)

    Execution Region ER_IROM1 (Exec base: 0x08000000, Load base: 0x08000000, Size: 0x00006f20, Max: 0x00020000, ABSOLUTE)

    Exec Addr    Load Addr    Size         Type   Attr      Idx    E Section Name        Object

    0x08000000   0x08000000   0x000001d8   Data   RO            3    RESET               startup_stm32g431xx.o
    0x080001d8   0x080001d8   0x00000000   Code   RO         1733  * .ARM.Collect$$$$00000000  mc_w.l(entry.o)
    0x080001d8   0x080001d8   0x00000004   Code   RO         1752    .ARM.Collect$$$$00000001  mc_w.l(entry2.o)
    0x080001dc   0x080001dc   0x00000004   Code   RO         1755    .ARM.Collect$$$$00000004  mc_w.l(entry5.o)
    0x080001e0   0x080001e0   0x00000000   Code   RO         1757    .ARM.Collect$$$$00000008  mc_w.l(entry7b.o)
    0x080001e0   0x080001e0   0x00000000   Code   RO         1759    .ARM.Collect$$$$0000000A  mc_w.l(entry8b.o)
    0x080001e0   0x080001e0   0x00000008   Code   RO         1760    .ARM.Collect$$$$0000000B  mc_w.l(entry9a.o)
    0x080001e8   0x080001e8   0x00000000   Code   RO         1762    .ARM.Collect$$$$0000000D  mc_w.l(entry10a.o)
    0x080001e8   0x080001e8   0x00000000   Code   RO         1764    .ARM.Collect$$$$0000000F  mc_w.l(entry11a.o)
    0x080001e8   0x080001e8   0x00000004   Code   RO         1753    .ARM.Collect$$$$00002712  mc_w.l(entry2.o)
    0x080001ec   0x080001ec   0x00000024   Code   RO            4    .text               startup_stm32g431xx.o
    0x08000210   0x08000210   0x00000062   Code   RO         1736    .text               mc_w.l(uldiv.o)
    0x08000272   0x08000272   0x00000024   Code   RO         1738    .text               mc_w.l(memseta.o)
    0x08000296   0x08000296   0x000000e4   Code   RO         1740    .text               mf_w.l(dmul.o)
    0x0800037a   0x0800037a   0x000000de   Code   RO         1742    .text               mf_w.l(ddiv.o)
    0x08000458   0x08000458   0x00000036   Code   RO         1744    .text               mf_w.l(dcmplt.o)
    0x0800048e   0x0800048e   0x00000036   Code   RO         1746    .text               mf_w.l(dcmpgt.o)
    0x080004c4   0x080004c4   0x00000026   Code   RO         1748    .text               mf_w.l(f2d.o)
    0x080004ea   0x080004ea   0x00000038   Code   RO         1750    .text               mf_w.l(d2f.o)
    0x08000522   0x08000522   0x0000001e   Code   RO         1766    .text               mc_w.l(llshl.o)
    0x08000540   0x08000540   0x00000020   Code   RO         1768    .text               mc_w.l(llushr.o)
    0x08000560   0x08000560   0x00000000   Code   RO         1770    .text               mc_w.l(iusefp.o)
    0x08000560   0x08000560   0x0000006e   Code   RO         1771    .text               mf_w.l(fepilogue.o)
    0x080005ce   0x080005ce   0x000000ba   Code   RO         1773    .text               mf_w.l(depilogue.o)
    0x08000688   0x08000688   0x00000030   Code   RO         1775    .text               mc_w.l(init.o)
    0x080006b8   0x080006b8   0x0000000c   Code   RO          172    .text.ADC1_2_IRQHandler  stm32g4xx_it.o
    0x080006c4   0x080006c4   0x0000007c   Code   RO          235    .text.ADC_Disable   stm32g4xx_hal_adc.o
    0x08000740   0x08000740   0x000000f6   Code   RO          241    .text.ADC_Enable    stm32g4xx_hal_adc.o
    0x08000836   0x08000836   0x00000002   PAD
    0x08000838   0x08000838   0x00000056   Code   RO         1576    .text.Anti_Cogging  anti_cogging.o
    0x0800088e   0x0800088e   0x00000002   PAD
    0x08000890   0x08000890   0x00000002   Code   RO          152    .text.BusFault_Handler  stm32g4xx_it.o
    0x08000892   0x08000892   0x00000002   PAD
    0x08000894   0x08000894   0x0000000c   Code   RO          164    .text.DMA1_Channel1_IRQHandler  stm32g4xx_it.o
    0x080008a0   0x080008a0   0x0000000c   Code   RO          166    .text.DMA1_Channel2_IRQHandler  stm32g4xx_it.o
    0x080008ac   0x080008ac   0x00000086   Code   RO          168    .text.DMA1_Channel3_IRQHandler  stm32g4xx_it.o
    0x08000932   0x08000932   0x00000002   PAD
    0x08000934   0x08000934   0x00000002   Code   RO          170    .text.DMA1_Channel4_IRQHandler  stm32g4xx_it.o
    0x08000936   0x08000936   0x00000002   PAD
    0x08000938   0x08000938   0x00000002   Code   RO          158    .text.DebugMon_Handler  stm32g4xx_it.o
    0x0800093a   0x0800093a   0x00000002   PAD
    0x0800093c   0x0800093c   0x0000000a   Code   RO           51    .text.Error_Handler  main.o
    0x08000946   0x08000946   0x00000002   PAD
    0x08000948   0x08000948   0x000000d4   Code   RO          295    .text.HAL_ADCEx_Calibration_Start  stm32g4xx_hal_adc_ex.o
    0x08000a1c   0x08000a1c   0x00000002   Code   RO          327    .text.HAL_ADCEx_EndOfSamplingCallback  stm32g4xx_hal_adc_ex.o
    0x08000a1e   0x08000a1e   0x00000002   PAD
    0x08000a20   0x08000a20   0x000004be   Code   RO          337    .text.HAL_ADCEx_InjectedConfigChannel  stm32g4xx_hal_adc_ex.o
    0x08000ede   0x08000ede   0x00000002   PAD
    0x08000ee0   0x08000ee0   0x00000420   Code   RO           71    .text.HAL_ADCEx_InjectedConvCpltCallback  adc.o
    0x08001300   0x08001300   0x00000032   Code   RO          317    .text.HAL_ADCEx_InjectedGetValue  stm32g4xx_hal_adc_ex.o
    0x08001332   0x08001332   0x00000002   PAD
    0x08001334   0x08001334   0x00000002   Code   RO          321    .text.HAL_ADCEx_InjectedQueueOverflowCallback  stm32g4xx_hal_adc_ex.o
    0x08001336   0x08001336   0x00000002   PAD
    0x08001338   0x08001338   0x0000010a   Code   RO          307    .text.HAL_ADCEx_InjectedStart_IT  stm32g4xx_hal_adc_ex.o
    0x08001442   0x08001442   0x00000002   PAD
    0x08001444   0x08001444   0x00000002   Code   RO          323    .text.HAL_ADCEx_LevelOutOfWindow2Callback  stm32g4xx_hal_adc_ex.o
    0x08001446   0x08001446   0x00000002   PAD
    0x08001448   0x08001448   0x00000002   Code   RO          325    .text.HAL_ADCEx_LevelOutOfWindow3Callback  stm32g4xx_hal_adc_ex.o
    0x0800144a   0x0800144a   0x00000002   PAD
    0x0800144c   0x0800144c   0x00000002   Code   RO          271    .text.HAL_ADC_ConvCpltCallback  stm32g4xx_hal_adc.o
    0x0800144e   0x0800144e   0x00000002   PAD
    0x08001450   0x08001450   0x00000002   Code   RO          275    .text.HAL_ADC_ErrorCallback  stm32g4xx_hal_adc.o
    0x08001452   0x08001452   0x00000002   PAD
    0x08001454   0x08001454   0x00000282   Code   RO          269    .text.HAL_ADC_IRQHandler  stm32g4xx_hal_adc.o
    0x080016d6   0x080016d6   0x00000002   PAD
    0x080016d8   0x080016d8   0x00000226   Code   RO          227    .text.HAL_ADC_Init  stm32g4xx_hal_adc.o
    0x080018fe   0x080018fe   0x00000002   PAD
    0x08001900   0x08001900   0x00000002   Code   RO          273    .text.HAL_ADC_LevelOutOfWindowCallback  stm32g4xx_hal_adc.o
    0x08001902   0x08001902   0x00000002   PAD
    0x08001904   0x08001904   0x00000082   Code   RO           75    .text.HAL_ADC_MspInit  adc.o
    0x08001986   0x08001986   0x00000002   PAD
    0x08001988   0x08001988   0x00000070   Code   RO          683    .text.HAL_DMA_Abort  stm32g4xx_hal_dma.o
    0x080019f8   0x080019f8   0x00000080   Code   RO          685    .text.HAL_DMA_Abort_IT  stm32g4xx_hal_dma.o
    0x08001a78   0x08001a78   0x000000aa   Code   RO          689    .text.HAL_DMA_IRQHandler  stm32g4xx_hal_dma.o
    0x08001b22   0x08001b22   0x00000002   PAD
    0x08001b24   0x08001b24   0x00000118   Code   RO          675    .text.HAL_DMA_Init  stm32g4xx_hal_dma.o
    0x08001c3c   0x08001c3c   0x000000e8   Code   RO          681    .text.HAL_DMA_Start_IT  stm32g4xx_hal_dma.o
    0x08001d24   0x08001d24   0x00000028   Code   RO          405    .text.HAL_Delay     stm32g4xx_hal.o
    0x08001d4c   0x08001d4c   0x000001b2   Code   RO          625    .text.HAL_GPIO_Init  stm32g4xx_hal_gpio.o
    0x08001efe   0x08001efe   0x00000002   PAD
    0x08001f00   0x08001f00   0x0000000c   Code   RO          631    .text.HAL_GPIO_WritePin  stm32g4xx_hal_gpio.o
    0x08001f0c   0x08001f0c   0x0000000c   Code   RO          397    .text.HAL_GetTick   stm32g4xx_hal.o
    0x08001f18   0x08001f18   0x0000001a   Code   RO          395    .text.HAL_IncTick   stm32g4xx_hal.o
    0x08001f32   0x08001f32   0x00000002   PAD
    0x08001f34   0x08001f34   0x0000001e   Code   RO          385    .text.HAL_Init      stm32g4xx_hal.o
    0x08001f52   0x08001f52   0x00000002   PAD
    0x08001f54   0x08001f54   0x00000050   Code   RO          387    .text.HAL_InitTick  stm32g4xx_hal.o
    0x08001fa4   0x08001fa4   0x00000034   Code   RO          183    .text.HAL_MspInit   stm32g4xx_hal_msp.o
    0x08001fd8   0x08001fd8   0x00000022   Code   RO          851    .text.HAL_NVIC_EnableIRQ  stm32g4xx_hal_cortex.o
    0x08001ffa   0x08001ffa   0x00000002   PAD
    0x08001ffc   0x08001ffc   0x00000056   Code   RO          849    .text.HAL_NVIC_SetPriority  stm32g4xx_hal_cortex.o
    0x08002052   0x08002052   0x00000002   PAD
    0x08002054   0x08002054   0x00000020   Code   RO          847    .text.HAL_NVIC_SetPriorityGrouping  stm32g4xx_hal_cortex.o
    0x08002074   0x08002074   0x00000012   Code   RO          837    .text.HAL_PWREx_DisableUCPDDeadBattery  stm32g4xx_hal_pwr_ex.o
    0x08002086   0x08002086   0x00000002   PAD
    0x08002088   0x08002088   0x0000002a   Code   RO          483    .text.HAL_RCC_GetPCLK1Freq  stm32g4xx_hal_rcc.o
    0x080020b2   0x080020b2   0x00000002   PAD
    0x080020b4   0x080020b4   0x0000002a   Code   RO          485    .text.HAL_RCC_GetPCLK2Freq  stm32g4xx_hal_rcc.o
    0x080020de   0x080020de   0x00000002   PAD
    0x080020e0   0x080020e0   0x00000062   Code   RO          477    .text.HAL_RCC_GetSysClockFreq  stm32g4xx_hal_rcc.o
    0x08002142   0x08002142   0x00000002   PAD
    0x08002144   0x08002144   0x0000002c   Code   RO          859    .text.HAL_SYSTICK_Config  stm32g4xx_hal_cortex.o
    0x08002170   0x08002170   0x000000c8   Code   RO         1244    .text.HAL_TIMEx_ConfigBreakDeadTime  stm32g4xx_hal_tim_ex.o
    0x08002238   0x08002238   0x000000a6   Code   RO         1242    .text.HAL_TIMEx_MasterConfigSynchronization  stm32g4xx_hal_tim_ex.o
    0x080022de   0x080022de   0x00000002   PAD
    0x080022e0   0x080022e0   0x00000062   Code   RO          947    .text.HAL_TIM_Base_Init  stm32g4xx_hal_tim.o
    0x08002342   0x08002342   0x00000002   PAD
    0x08002344   0x08002344   0x00000030   Code   RO          114    .text.HAL_TIM_Base_MspInit  tim.o
    0x08002374   0x08002374   0x00000204   Code   RO         1127    .text.HAL_TIM_ConfigClockSource  stm32g4xx_hal_tim.o
    0x08002578   0x08002578   0x000003c8   Code   RO         1101    .text.HAL_TIM_PWM_ConfigChannel  stm32g4xx_hal_tim.o
    0x08002940   0x08002940   0x00000062   Code   RO         1001    .text.HAL_TIM_PWM_Init  stm32g4xx_hal_tim.o
    0x080029a2   0x080029a2   0x00000002   PAD
    0x080029a4   0x080029a4   0x00000002   Code   RO         1003    .text.HAL_TIM_PWM_MspInit  stm32g4xx_hal_tim.o
    0x080029a6   0x080029a6   0x00000002   PAD
    0x080029a8   0x080029a8   0x0000016a   Code   RO         1009    .text.HAL_TIM_PWM_Start  stm32g4xx_hal_tim.o
    0x08002b12   0x08002b12   0x00000002   PAD
    0x08002b14   0x08002b14   0x00000036   Code   RO         1483    .text.HAL_UARTEx_DisableFifoMode  stm32g4xx_hal_uart_ex.o
    0x08002b4a   0x08002b4a   0x00000002   PAD
    0x08002b4c   0x08002b4c   0x00000002   Code   RO         1411    .text.HAL_UARTEx_RxEventCallback  stm32g4xx_hal_uart.o
    0x08002b4e   0x08002b4e   0x00000002   PAD
    0x08002b50   0x08002b50   0x00000002   Code   RO         1469    .text.HAL_UARTEx_RxFifoFullCallback  stm32g4xx_hal_uart_ex.o
    0x08002b52   0x08002b52   0x00000002   PAD
    0x08002b54   0x08002b54   0x0000008c   Code   RO         1487    .text.HAL_UARTEx_SetRxFifoThreshold  stm32g4xx_hal_uart_ex.o
    0x08002be0   0x08002be0   0x0000008c   Code   RO         1485    .text.HAL_UARTEx_SetTxFifoThreshold  stm32g4xx_hal_uart_ex.o
    0x08002c6c   0x08002c6c   0x00000002   Code   RO         1471    .text.HAL_UARTEx_TxFifoEmptyCallback  stm32g4xx_hal_uart_ex.o
    0x08002c6e   0x08002c6e   0x00000002   PAD
    0x08002c70   0x08002c70   0x00000002   Code   RO         1467    .text.HAL_UARTEx_WakeupCallback  stm32g4xx_hal_uart_ex.o
    0x08002c72   0x08002c72   0x00000002   PAD
    0x08002c74   0x08002c74   0x00000002   Code   RO         1409    .text.HAL_UART_ErrorCallback  stm32g4xx_hal_uart.o
    0x08002c76   0x08002c76   0x00000002   PAD
    0x08002c78   0x08002c78   0x0000064e   Code   RO         1405    .text.HAL_UART_IRQHandler  stm32g4xx_hal_uart.o
    0x080032c6   0x080032c6   0x00000002   PAD
    0x080032c8   0x080032c8   0x00000064   Code   RO         1321    .text.HAL_UART_Init  stm32g4xx_hal_uart.o
    0x0800332c   0x0800332c   0x000000fe   Code   RO          129    .text.HAL_UART_MspInit  usart.o
    0x0800342a   0x0800342a   0x00000002   PAD
    0x0800342c   0x0800342c   0x000000e8   Code   RO         1361    .text.HAL_UART_Transmit_DMA  stm32g4xx_hal_uart.o
    0x08003514   0x08003514   0x00000002   Code   RO         1413    .text.HAL_UART_TxCpltCallback  stm32g4xx_hal_uart.o
    0x08003516   0x08003516   0x00000002   PAD
    0x08003518   0x08003518   0x00000002   Code   RO         1415    .text.HAL_UART_TxHalfCpltCallback  stm32g4xx_hal_uart.o
    0x0800351a   0x0800351a   0x00000002   PAD
    0x0800351c   0x0800351c   0x00000002   Code   RO          148    .text.HardFault_Handler  stm32g4xx_it.o
    0x0800351e   0x0800351e   0x00000002   PAD
    0x08003520   0x08003520   0x00000016   Code   RO         1567    .text.LFP           filter.o
    0x08003536   0x08003536   0x00000002   PAD
    0x08003538   0x08003538   0x000000de   Code   RO          899    .text.LL_GPIO_Init  stm32g4xx_ll_gpio.o
    0x08003616   0x08003616   0x00000002   PAD
    0x08003618   0x08003618   0x0000008c   Code   RO          927    .text.LL_SPI_Init   stm32g4xx_ll_spi.o
    0x080036a4   0x080036a4   0x0000000c   Code   RO          195    .text.LL_SetSystemCoreClock  stm32g4xx_ll_utils.o
    0x080036b0   0x080036b0   0x000000be   Code   RO           73    .text.MX_ADC2_Init  adc.o
    0x0800376e   0x0800376e   0x00000002   PAD
    0x08003770   0x08003770   0x00000082   Code   RO           90    .text.MX_DMA_Init   dma.o
    0x080037f2   0x080037f2   0x00000002   PAD
    0x080037f4   0x080037f4   0x000000e8   Code   RO           62    .text.MX_GPIO_Init  gpio.o
    0x080038dc   0x080038dc   0x00000198   Code   RO           99    .text.MX_SPI1_Init  spi.o
    0x08003a74   0x08003a74   0x00000188   Code   RO          110    .text.MX_TIM1_Init  tim.o
    0x08003bfc   0x08003bfc   0x00000082   Code   RO          127    .text.MX_USART1_UART_Init  usart.o
    0x08003c7e   0x08003c7e   0x00000002   PAD
    0x08003c80   0x08003c80   0x00000002   Code   RO          150    .text.MemManage_Handler  stm32g4xx_it.o
    0x08003c82   0x08003c82   0x00000002   PAD
    0x08003c84   0x08003c84   0x00000002   Code   RO          146    .text.NMI_Handler   stm32g4xx_it.o
    0x08003c86   0x08003c86   0x00000002   PAD
    0x08003c88   0x08003c88   0x00000002   Code   RO          160    .text.PendSV_Handler  stm32g4xx_it.o
    0x08003c8a   0x08003c8a   0x00000002   PAD
    0x08003c8c   0x08003c8c   0x00000002   Code   RO          156    .text.SVC_Handler   stm32g4xx_it.o
    0x08003c8e   0x08003c8e   0x00000002   PAD
    0x08003c90   0x08003c90   0x00000004   Code   RO          162    .text.SysTick_Handler  stm32g4xx_it.o
    0x08003c94   0x08003c94   0x00000178   Code   RO           49    .text.SystemClock_Config  main.o
    0x08003e0c   0x08003e0c   0x00000012   Code   RO         1506    .text.SystemInit    system_stm32g4xx.o
    0x08003e1e   0x08003e1e   0x00000002   PAD
    0x08003e20   0x08003e20   0x00000134   Code   RO          951    .text.TIM_Base_SetConfig  stm32g4xx_hal_tim.o
    0x08003f54   0x08003f54   0x000000e6   Code   RO         1325    .text.UART_AdvFeatureConfig  stm32g4xx_hal_uart.o
    0x0800403a   0x0800403a   0x00000002   PAD
    0x0800403c   0x0800403c   0x0000016a   Code   RO         1329    .text.UART_CheckIdleState  stm32g4xx_hal_uart.o
    0x080041a6   0x080041a6   0x00000002   PAD
    0x080041a8   0x080041a8   0x0000000c   Code   RO         1407    .text.UART_DMAAbortOnError  stm32g4xx_hal_uart.o
    0x080041b4   0x080041b4   0x000001da   Code   RO         1367    .text.UART_DMAError  stm32g4xx_hal_uart.o
    0x0800438e   0x0800438e   0x00000002   PAD
    0x08004390   0x08004390   0x000000b0   Code   RO         1363    .text.UART_DMATransmitCplt  stm32g4xx_hal_uart.o
    0x08004440   0x08004440   0x00000006   Code   RO         1365    .text.UART_DMATxHalfCplt  stm32g4xx_hal_uart.o
    0x08004446   0x08004446   0x00000002   PAD
    0x08004448   0x08004448   0x00000298   Code   RO         1327    .text.UART_SetConfig  stm32g4xx_hal_uart.o
    0x080046e0   0x080046e0   0x00000336   Code   RO         1343    .text.UART_WaitOnFlagUntilTimeout  stm32g4xx_hal_uart.o
    0x08004a16   0x08004a16   0x00000002   PAD
    0x08004a18   0x08004a18   0x0000000c   Code   RO          174    .text.USART1_IRQHandler  stm32g4xx_it.o
    0x08004a24   0x08004a24   0x00000002   Code   RO          154    .text.UsageFault_Handler  stm32g4xx_it.o
    0x08004a26   0x08004a26   0x00000002   PAD
    0x08004a28   0x08004a28   0x00000098   Code   RO         1587    .text.arm_cos_f32   arm_cortexM4lf_math.lib(arm_cos_f32.o)
    0x08004ac0   0x08004ac0   0x00000038   Code   RO         1605    .text.arm_pid_init_f32  arm_cortexM4lf_math.lib(arm_pid_init_f32.o)
    0x08004af8   0x08004af8   0x00000090   Code   RO         1596    .text.arm_sin_f32   arm_cortexM4lf_math.lib(arm_sin_f32.o)
    0x08004b88   0x08004b88   0x00000030   Code   RO         1539    .text.cycle_diff    foc.o
    0x08004bb8   0x08004bb8   0x00000270   Code   RO         1537    .text.foc_forward   foc.o
    0x08004e28   0x08004e28   0x000000c0   Code   RO         1543    .text.lib_position_control  foc.o
    0x08004ee8   0x08004ee8   0x0000019c   Code   RO         1551    .text.lib_position_speed_torque_control  foc.o
    0x08005084   0x08005084   0x00000004   PAD
    0x08005088   0x08005088   0x000000c4   Code   RO         1549    .text.lib_speed_torque_control  foc.o
    0x0800514c   0x0800514c   0x00000004   PAD
    0x08005150   0x08005150   0x00000200   Code   RO         1547    .text.lib_torque_control  foc.o
    0x08005350   0x08005350   0x00000180   Code   RO           47    .text.main          main.o
    0x080054d0   0x080054d0   0x0000005e   Code   RO         1541    .text.set_motor_pid  foc.o
    0x0800552e   0x0800552e   0x00000002   PAD
    0x08005530   0x08005530   0x00000104   Code   RO           45    .text.set_pwm_duty  main.o
    0x08005634   0x08005634   0x0000000e   Code   RO         1779    i.__scatterload_copy  mc_w.l(handlers.o)
    0x08005642   0x08005642   0x00000002   Code   RO         1780    i.__scatterload_null  mc_w.l(handlers.o)
    0x08005644   0x08005644   0x0000000e   Code   RO         1781    i.__scatterload_zeroinit  mc_w.l(handlers.o)
    0x08005652   0x08005652   0x00000008   Data   RO         1512    .rodata.APBPrescTable  system_stm32g4xx.o
    0x0800565a   0x0800565a   0x00000002   PAD
    0x0800565c   0x0800565c   0x00001000   Data   RO         1578    .rodata.Anti_Table  anti_cogging.o
    0x0800665c   0x0800665c   0x00000020   Data   RO         1554    .rodata.K_to_sector  foc.o
    0x0800667c   0x0800667c   0x00000018   Data   RO         1455    .rodata.UARTPrescTable  stm32g4xx_hal_uart.o
    0x08006694   0x08006694   0x00000010   Data   RO         1456    .rodata.cst16       stm32g4xx_hal_uart.o
    0x080066a4   0x080066a4   0x00000010   Data   RO         1497    .rodata.cst8        stm32g4xx_hal_uart_ex.o
    0x080066b4   0x080066b4   0x00000804   Data   RO         1726    .rodata.sinTable_f32  arm_cortexM4lf_math.lib(arm_common_tables.o)
    0x08006eb8   0x08006eb8   0x00000048   Data   RO         1553    .rodata.v           foc.o
    0x08006f00   0x08006f00   0x00000020   Data   RO         1778    Region$$Table       anon$$obj.o


    Execution Region RW_IRAM1 (Exec base: 0x20000000, Load base: 0x08006f20, Size: 0x000009b8, Max: 0x00008000, ABSOLUTE)

    Exec Addr    Load Addr    Size         Type   Attr      Idx    E Section Name        Object

    0x20000000   0x08006f20   0x00000020   Data   RW           80    .data..L_MergedGlobals  adc.o
    0x20000020   0x08006f40   0x00000008   Data   RW          462    .data..L_MergedGlobals  stm32g4xx_hal.o
    0x20000028   0x08006f48   0x00000008   Data   RW         1556    .data..L_MergedGlobals  foc.o
    0x20000030   0x08006f50   0x00000004   Data   RW         1510    .data.SystemCoreClock  system_stm32g4xx.o
    0x20000034   0x08006f54   0x00000004   Data   RW         1579    .data.step          anti_cogging.o
    0x20000038        -       0x00000078   Zero   RW         1557    .bss..L_MergedGlobals.2  foc.o
    0x200000b0        -       0x00000044   Zero   RW           81    .bss..L_MergedGlobals.3  adc.o
    0x200000f4        -       0x0000006c   Zero   RW         1558    .bss..L_MergedGlobals.3  foc.o
    0x20000160        -       0x00000002   Zero   RW          103    .bss.KTH7823_rx_data  spi.o
    0x20000162        -       0x00000002   Zero   RW          101    .bss.KTH7823_tx_data  spi.o
    0x20000164        -       0x00000002   Zero   RW         1529    .bss.angle_raw      motor_runtime_param.o
    0x20000166   0x08006f58   0x00000002   PAD
    0x20000168        -       0x00000004   Zero   RW         1527    .bss.encoder_angle  motor_runtime_param.o
    0x2000016c        -       0x0000006c   Zero   RW           79    .bss.hadc2          adc.o
    0x200001d8        -       0x00000060   Zero   RW          136    .bss.hdma_usart1_rx  usart.o
    0x20000238        -       0x00000060   Zero   RW          137    .bss.hdma_usart1_tx  usart.o
    0x20000298        -       0x0000004c   Zero   RW          118    .bss.htim1          tim.o
    0x200002e4        -       0x00000094   Zero   RW          135    .bss.huart1         usart.o
    0x20000378        -       0x0000001c   Zero   RW         1555    .bss.motor_control_context  foc.o
    0x20000394        -       0x00000004   Zero   RW         1523    .bss.motor_i_d      motor_runtime_param.o
    0x20000398        -       0x00000004   Zero   RW         1524    .bss.motor_i_q      motor_runtime_param.o
    0x2000039c        -       0x00000004   Zero   RW         1521    .bss.motor_i_u      motor_runtime_param.o
    0x200003a0        -       0x00000004   Zero   RW         1522    .bss.motor_i_w      motor_runtime_param.o
    0x200003a4        -       0x00000004   Zero   RW         1526    .bss.motor_logic_angle  motor_runtime_param.o
    0x200003a8        -       0x00000004   Zero   RW         1525    .bss.motor_speed    motor_runtime_param.o
    0x200003ac        -       0x00000001   Zero   RW          102    .bss.num            spi.o
    0x200003ad   0x08006f58   0x00000003   PAD
    0x200003b0        -       0x00000004   Zero   RW         1528    .bss.rotor_zero_angle  motor_runtime_param.o
    0x200003b4        -       0x00000004   Zero   RW          461    .bss.uwTick         stm32g4xx_hal.o
    0x200003b8        -       0x00000600   Zero   RW            1    STACK               startup_stm32g431xx.o


==============================================================================

Image component sizes


      Code (inc. data)   RO Data    RW Data    ZI Data      Debug   Object Name

      1376         70          0         32        176      13427   adc.o
        86          0       4096          4          0        670   anti_cogging.o
       130          0          0          0          0       4984   dma.o
        22          0          0          0          0        542   filter.o
      2078        124        104          8        256      10258   foc.o
       232          0          0          0          0       2439   gpio.o
      1030         28          0          0          0       8844   main.o
         0          0          0          0         34        686   motor_runtime_param.o
       408          0          0          0          5       5466   spi.o
        36          8        472          0       1536        824   startup_stm32g431xx.o
       188          0          0          8          4       8924   stm32g4xx_hal.o
      1568          0          0          0          0      28701   stm32g4xx_hal_adc.o
      1750          0          0          0          0      23096   stm32g4xx_hal_adc_ex.o
       196          0          0          0          0      10414   stm32g4xx_hal_cortex.o
       922          0          0          0          0       9171   stm32g4xx_hal_dma.o
       446          0          0          0          0       5255   stm32g4xx_hal_gpio.o
        52          0          0          0          0       1754   stm32g4xx_hal_msp.o
        18          0          0          0          0       9460   stm32g4xx_hal_pwr_ex.o
       182          0          0          0          0      10149   stm32g4xx_hal_rcc.o
      2352         20          0          0          0      63366   stm32g4xx_hal_tim.o
       366          0          0          0          0      30530   stm32g4xx_hal_tim_ex.o
      4700         48         40          0          0      42870   stm32g4xx_hal_uart.o
       340          0         16          0          0      11292   stm32g4xx_hal_uart_ex.o
       204          0          0          0          0       8613   stm32g4xx_it.o
       222          0          0          0          0       4168   stm32g4xx_ll_gpio.o
       140          0          0          0          0       5342   stm32g4xx_ll_spi.o
        12          0          0          0          0      12273   stm32g4xx_ll_utils.o
        18          0          8          4          0       2783   system_stm32g4xx.o
       440          0          0          0         76       8096   tim.o
       384          0          0          0        340       8490   usart.o

    ----------------------------------------------------------------------
     20032        306       4770         56       2432     352887   Object Totals
         0          0         32          0          0          0   (incl. Generated)
       134          8          2          0          5          0   (incl. Padding)

    ----------------------------------------------------------------------

      Code (inc. data)   RO Data    RW Data    ZI Data      Debug   Library Member Name

         0          0       2052          0          0       6294   arm_common_tables.o
       152         12          0          0          0       1104   arm_cos_f32.o
        56          0          0          0          0       1000   arm_pid_init_f32.o
       144         12          0          0          0       1092   arm_sin_f32.o
         0          0          0          0          0          0   entry.o
         0          0          0          0          0          0   entry10a.o
         0          0          0          0          0          0   entry11a.o
         8          4          0          0          0          0   entry2.o
         4          0          0          0          0          0   entry5.o
         0          0          0          0          0          0   entry7b.o
         0          0          0          0          0          0   entry8b.o
         8          4          0          0          0          0   entry9a.o
        30          0          0          0          0          0   handlers.o
        48         10          0          0          0         68   init.o
         0          0          0          0          0          0   iusefp.o
        30          0          0          0          0         68   llshl.o
        32          0          0          0          0         68   llushr.o
        36          0          0          0          0        108   memseta.o
        98          0          0          0          0         92   uldiv.o
        56          0          0          0          0         88   d2f.o
        54          0          0          0          0         80   dcmpgt.o
        54          0          0          0          0         80   dcmplt.o
       222          0          0          0          0        100   ddiv.o
       186          0          0          0          0        176   depilogue.o
       228          0          0          0          0         96   dmul.o
        38          0          0          0          0         68   f2d.o
       110          0          0          0          0        168   fepilogue.o

    ----------------------------------------------------------------------
      1594         42       2052          0          0      10750   Library Totals
         0          0          0          0          0          0   (incl. Padding)

    ----------------------------------------------------------------------

      Code (inc. data)   RO Data    RW Data    ZI Data      Debug   Library Name

       352         24       2052          0          0       9490   arm_cortexM4lf_math.lib
       294         18          0          0          0        404   mc_w.l
       948          0          0          0          0        856   mf_w.l

    ----------------------------------------------------------------------
      1594         42       2052          0          0      10750   Library Totals

    ----------------------------------------------------------------------

==============================================================================


      Code (inc. data)   RO Data    RW Data    ZI Data      Debug   

     21626        348       6822         56       2432     362749   Grand Totals
     21626        348       6822         56       2432     362749   ELF Image Totals
     21626        348       6822         56          0          0   ROM Totals

==============================================================================

    Total RO  Size (Code + RO Data)                28448 (  27.78kB)
    Total RW  Size (RW Data + ZI Data)              2488 (   2.43kB)
    Total ROM Size (Code + RO Data + RW Data)      28504 (  27.84kB)

==============================================================================

