<html>
<body>
<pre>
<h1>µVision Build Log</h1>
<h2>Tool Versions:</h2>
IDE-Version: ¦ÌVision V5.43.1.0
Copyright (C) 2025 ARM Ltd and ARM Germany GmbH. All rights reserved.
License Information: LYS Lys, LYS, LIC=WHYH9-4YUNI-JJE6S-L55UE-ICFLW-5UJ29
 
Tool Versions:
Toolchain:       MDK-ARM Plus  Version: 5.43.0.0
Toolchain Path:  D:\Keil\ARM\ARMCLANG\Bin
C Compiler:      ArmClang.exe V6.24
Assembler:       Armasm.exe V6.24
Linker/Locator:  ArmLink.exe V6.24
Library Manager: ArmAr.exe V6.24
Hex Converter:   FromElf.exe V6.24
CPU DLL:         SARMCM3.DLL V5.43.0.0
Dialog DLL:      DCM.DLL V1.17.5.0
Target DLL:      STLink\ST-LINKIII-KEIL_SWO.dll V3.3.1.0
Dialog DLL:      TCM.DLL V1.56.6.0
 
<h2>Project:</h2>
c:\Users\Lys\Desktop\FOC_Study\2.1-FOC_G431RBT6_AntiCogging\MDK-ARM\FOC_G431RBT6.uvprojx
Project File Date:  12/07/2025

<h2>Output:</h2>
*** Using Compiler 'V6.24', folder: 'D:\Keil\ARM\ARMCLANG\Bin'
Build target 'FOC_G431RBT6'
compiling anti_cogging.c...
compiling foc.c...
linking...
Program Size: Code=21626 RO-data=6822 RW-data=56 ZI-data=2432  
FromELF: creating hex file...
"FOC_G431RBT6\FOC_G431RBT6.axf" - 0 Error(s), 0 Warning(s).

<h2>Software Packages used:</h2>

Package Vendor: ARM
                https://www.keil.com/pack/ARM.CMSIS.6.2.0.pack
                ARM::CMSIS@6.2.0
                CMSIS (Common Microcontroller Software Interface Standard)
   * Component: CORE Version: 6.1.1

Package Vendor: Keil
                https://www.keil.com/pack/Keil.STM32G4xx_DFP.2.1.0.pack
                Keil::STM32G4xx_DFP@2.1.0
                STMicroelectronics STM32G4 Series Device Support

<h2>Collection of Component include folders:</h2>
  ./RTE/_FOC_G431RBT6
  D:/Keil/ARM/PACK/ARM/CMSIS/6.2.0/CMSIS/Core/Include

<h2>Collection of Component Files used:</h2>

   * Component: ARM::CMSIS:CORE@6.1.1
Build Time Elapsed:  00:00:00
</pre>
</body>
</html>
