<html>
<body>
<pre>
<h1>µVision Build Log</h1>
<h2>Tool Versions:</h2>
IDE-Version: ¦ÌVision V5.43.1.0
Copyright (C) 2025 ARM Ltd and ARM Germany GmbH. All rights reserved.
License Information: lys lys, lys, LIC=RC93N-YZZLU-9UA4U-S2K5E-WQZ67-IR0RL
 
Tool Versions:
Toolchain:       MDK-ARM Plus  Version: 5.43.0.0
Toolchain Path:  E:\Keil5\ARM\ARMCC\Bin
C Compiler:      Armcc.exe V5.05 update 1 (build 106)
Assembler:       Armasm.exe V5.05 update 1 (build 106)
Linker/Locator:  ArmLink.exe V5.05 update 1 (build 106)
Library Manager: ArmAr.exe V5.05 update 1 (build 106)
Hex Converter:   FromElf.exe V5.05 update 1 (build 106)
CPU DLL:         SARMCM3.DLL V5.43.0.0
Dialog DLL:      DCM.DLL V1.17.5.0
Target DLL:      STLink\ST-LINKIII-KEIL_SWO.dll V3.3.1.0
Dialog DLL:      TCM.DLL V1.56.6.0
 
<h2>Project:</h2>
F:\FOC\3.1-InductiveEncoder_V1.0\MDK-ARM\3.1-InductiveEncoder_V1.0.uvprojx
Project File Date:  01/05/2026

<h2>Output:</h2>
*** Using Compiler 'V5.05 update 1 (build 106)', folder: 'E:\Keil5\ARM\ARMCC\Bin'
Build target '3.1-InductiveEncoder_V1.0'
assembling startup_stm32f103xb.s...
compiling stm32f1xx_it.c...
compiling dma.c...
compiling usart.c...
compiling stm32f1xx_hal_msp.c...
compiling gpio.c...
compiling spi.c...
compiling main.c...
compiling stm32f1xx_hal_rcc_ex.c...
compiling stm32f1xx_hal.c...
compiling stm32f1xx_hal_gpio.c...
compiling stm32f1xx_hal_spi.c...
compiling stm32f1xx_hal_gpio_ex.c...
compiling stm32f1xx_hal_dma.c...
compiling stm32f1xx_hal_rcc.c...
compiling stm32f1xx_hal_flash.c...
compiling stm32f1xx_hal_exti.c...
compiling stm32f1xx_hal_flash_ex.c...
compiling system_stm32f1xx.c...
compiling stm32f1xx_hal_pwr.c...
compiling stm32f1xx_hal_cortex.c...
compiling stm32f1xx_hal_uart.c...
compiling ADS8361.c...
..\User\ADS8361.c(76): warning:  #1-D: last line of file ends without a newline
  }
..\User\ADS8361.c: 1 warning, 0 errors
linking...
Program Size: Code=5488 RO-data=312 RW-data=16 ZI-data=2512  
FromELF: creating hex file...
"3.1-InductiveEncoder_V1.0\3.1-InductiveEncoder_V1.0" - 0 Error(s), 1 Warning(s).

<h2>Software Packages used:</h2>

Package Vendor: ARM
                https://www.keil.com/pack/ARM.CMSIS.6.2.0.pack
                ARM::CMSIS@6.2.0
                CMSIS (Common Microcontroller Software Interface Standard)
   * Component: CORE Version: 6.1.1

Package Vendor: Keil
                http://www.keil.com/pack/Keil.STM32F1xx_DFP.1.0.5.pack
                Keil::STM32F1xx_DFP@1.0.5
                STMicroelectronics STM32F1 Series Device Support, Drivers and Examples

<h2>Collection of Component include folders:</h2>
  ./RTE/_3.1-InductiveEncoder_V1.0
  E:/Keil5/ARM/Pack/ARM/CMSIS/6.2.0/CMSIS/Core/Include
  E:/Keil5/ARM/Pack/Keil/STM32F1xx_DFP/1.0.5/Device/Include

<h2>Collection of Component Files used:</h2>

   * Component: ARM::CMSIS:CORE@6.1.1
Build Time Elapsed:  00:00:11
</pre>
</body>
</html>
