<html>
<body>
<pre>
<h1>µVision Build Log</h1>
<h2>Tool Versions:</h2>
IDE-Version: ¦ÌVision V5.43.1.0
Copyright (C) 2025 ARM Ltd and ARM Germany GmbH. All rights reserved.
License Information: lys lys, lys, LIC=RC93N-YZZLU-9UA4U-S2K5E-WQZ67-IR0RL
 
Tool Versions:
Toolchain:       MDK-ARM Plus  Version: 5.43.0.0
Toolchain Path:  E:\Keil5\ARM\ARMCC\Bin
C Compiler:      Armcc.exe V5.05 update 1 (build 106)
Assembler:       Armasm.exe V5.05 update 1 (build 106)
Linker/Locator:  ArmLink.exe V5.05 update 1 (build 106)
Library Manager: ArmAr.exe V5.05 update 1 (build 106)
Hex Converter:   FromElf.exe V5.05 update 1 (build 106)
CPU DLL:         SARMCM3.DLL V5.43.0.0
Dialog DLL:      DCM.DLL V1.17.5.0
Target DLL:      STLink\ST-LINKIII-KEIL_SWO.dll V3.3.1.0
Dialog DLL:      TCM.DLL V1.56.6.0
 
<h2>Project:</h2>
F:\FOC\2.3-FOC_G431RBT6_MatlabTest\MDK-ARM\FOC_G431RBT6.uvprojx
Project File Date:  12/29/2025

<h2>Output:</h2>
*** Using Compiler 'V5.05 update 1 (build 106)', folder: 'E:\Keil5\ARM\ARMCC\Bin'
Build target 'FOC_G431RBT6'
compiling main.c...
../Core/Src/main.c(101): warning:  #550-D: variable "temp" was set but never used
    float temp;
../Core/Src/main.c: 1 warning, 0 errors
linking...
Program Size: Code=14680 RO-data=600 RW-data=20 ZI-data=2356  
FromELF: creating hex file...
"FOC_G431RBT6\FOC_G431RBT6.axf" - 0 Error(s), 1 Warning(s).

<h2>Software Packages used:</h2>

Package Vendor: ARM
                https://www.keil.com/pack/ARM.CMSIS.6.2.0.pack
                ARM::CMSIS@6.2.0
                CMSIS (Common Microcontroller Software Interface Standard)
   * Component: CORE Version: 6.1.1

Package Vendor: Keil
                https://www.keil.com/pack/Keil.STM32G4xx_DFP.2.1.0.pack
                Keil::STM32G4xx_DFP@2.1.0
                STMicroelectronics STM32G4 Series Device Support

<h2>Collection of Component include folders:</h2>
  ./RTE/_FOC_G431RBT6
  E:/Keil5/ARM/Pack/ARM/CMSIS/6.2.0/CMSIS/Core/Include

<h2>Collection of Component Files used:</h2>

   * Component: ARM::CMSIS:CORE@6.1.1
Build Time Elapsed:  00:00:02
</pre>
</body>
</html>
